Archive member included to satisfy reference by file (symbol)

../../../../../../../../components/proprietary_rf/gzll/gcc/gzll_nrf52840_sd_resources_gcc.a(nrf_gzll.c.o)
                              Output/gzll_ack_payload_host_pca10056 Release/Obj/main.o (nrf_gzll_init)
../../../../../../../../components/proprietary_rf/gzll/gcc/gzll_nrf52840_sd_resources_gcc.a(nrf_impala.c.o)
                              ../../../../../../../../components/proprietary_rf/gzll/gcc/gzll_nrf52840_sd_resources_gcc.a(nrf_gzll.c.o) (nrf_impl_init)
../../../../../../../../components/proprietary_rf/gzll/gcc/gzll_nrf52840_sd_resources_gcc.a(nrf_link_core.c.o)
                              ../../../../../../../../components/proprietary_rf/gzll/gcc/gzll_nrf52840_sd_resources_gcc.a(nrf_impala.c.o) (nrf_lcore_device_pa_control_setup)
../../../../../../../../components/proprietary_rf/gzll/gcc/gzll_nrf52840_sd_resources_gcc.a(nrf_notification_manager.c.o)
                              ../../../../../../../../components/proprietary_rf/gzll/gcc/gzll_nrf52840_sd_resources_gcc.a(nrf_impala.c.o) (nrf_nm_init)
../../../../../../../../components/proprietary_rf/gzll/gcc/gzll_nrf52840_sd_resources_gcc.a(nrf_packet_manager.c.o)
                              ../../../../../../../../components/proprietary_rf/gzll/gcc/gzll_nrf52840_sd_resources_gcc.a(nrf_impala.c.o) (nrf_pm_init)
../../../../../../../../components/proprietary_rf/gzll/gcc/gzll_nrf52840_sd_resources_gcc.a(nrf_state_machine.c.o)
                              ../../../../../../../../components/proprietary_rf/gzll/gcc/gzll_nrf52840_sd_resources_gcc.a(nrf_impala.c.o) (nrf_sm_init)
../../../../../../../../components/proprietary_rf/gzll/gcc/gzll_nrf52840_sd_resources_gcc.a(nrf_assert_internal.c.o)
                              ../../../../../../../../components/proprietary_rf/gzll/gcc/gzll_nrf52840_sd_resources_gcc.a(nrf_gzll.c.o) (nrf_assert_internal_parse_and_forward)
../../../../../../../../components/proprietary_rf/gzll/gcc/gzll_nrf52840_sd_resources_gcc.a(nrf_channel_manager.c.o)
                              ../../../../../../../../components/proprietary_rf/gzll/gcc/gzll_nrf52840_sd_resources_gcc.a(nrf_impala.c.o) (nrf_chm_init)
../../../../../../../../components/proprietary_rf/gzll/gcc/gzll_nrf52840_sd_resources_gcc.a(nrf_fifo.c.o)
                              ../../../../../../../../components/proprietary_rf/gzll/gcc/gzll_nrf52840_sd_resources_gcc.a(nrf_packet_manager.c.o) (nrf_fifo_init)
../../../../../../../../components/proprietary_rf/gzll/gcc/gzll_nrf52840_sd_resources_gcc.a(nrf_flywheel.c.o)
                              ../../../../../../../../components/proprietary_rf/gzll/gcc/gzll_nrf52840_sd_resources_gcc.a(nrf_impala.c.o) (nrf_flw_init)
C:/Program Files/SEGGER/SEGGER Embedded Studio for ARM 4.10/lib/libc_v7em_fpv4_sp_d16_hard_t_le_eabi.a(libc_asm.o)
                              Output/gzll_ack_payload_host_pca10056 Release/Obj/bsp.o (__aeabi_uldivmod)
C:/Program Files/SEGGER/SEGGER Embedded Studio for ARM 4.10/lib/libc_v7em_fpv4_sp_d16_hard_t_le_eabi.a(libc2.o)
                              Output/gzll_ack_payload_host_pca10056 Release/Obj/nrf_log_str_formatter.o (isprint)
C:/Program Files/SEGGER/SEGGER Embedded Studio for ARM 4.10/lib/libc_v7em_fpv4_sp_d16_hard_t_le_eabi.a(libc2_asm.o)
                              Output/gzll_ack_payload_host_pca10056 Release/Obj/nrf_log_frontend.o (memcpy)
C:/Program Files/SEGGER/SEGGER Embedded Studio for ARM 4.10/lib/libc_v7em_fpv4_sp_d16_hard_t_le_eabi.a(libc.o)
                              C:/Program Files/SEGGER/SEGGER Embedded Studio for ARM 4.10/lib/libc_v7em_fpv4_sp_d16_hard_t_le_eabi.a(libc2.o) (__heap_lock)
C:/Program Files/SEGGER/SEGGER Embedded Studio for ARM 4.10/lib/libdebugio_v7em_fpv4_sp_d16_hard_t_le_eabi.a(libdebugio.o)
                              Output/gzll_ack_payload_host_pca10056 Release/Obj/thumb_crt0.o (debug_fopen)
C:/Program Files/SEGGER/SEGGER Embedded Studio for ARM 4.10/lib/libdebugio_mempoll_v7em_fpv4_sp_d16_hard_t_le_eabi.a(mempoll_debug_operations.o)
                              C:/Program Files/SEGGER/SEGGER Embedded Studio for ARM 4.10/lib/libdebugio_v7em_fpv4_sp_d16_hard_t_le_eabi.a(libdebugio.o) (__do_debug_operation)
C:/Program Files/SEGGER/SEGGER Embedded Studio for ARM 4.10/lib/libdebugio_mempoll_v7em_fpv4_sp_d16_hard_t_le_eabi.a(do_nv_debug_operation.o)
                              C:/Program Files/SEGGER/SEGGER Embedded Studio for ARM 4.10/lib/libdebugio_v7em_fpv4_sp_d16_hard_t_le_eabi.a(libdebugio.o) (__do_nvdebug_operation)
C:/Program Files/SEGGER/SEGGER Embedded Studio for ARM 4.10/lib/libm_v7em_fpv4_sp_d16_hard_t_le_eabi.a(libm_asm.o)
                              C:/Program Files/SEGGER/SEGGER Embedded Studio for ARM 4.10/lib/libc_v7em_fpv4_sp_d16_hard_t_le_eabi.a(libc2.o) (__aeabi_i2d)
C:/Program Files/SEGGER/SEGGER Embedded Studio for ARM 4.10/lib/libm_v7em_fpv4_sp_d16_hard_t_le_eabi.a(libm2.o)
[...]
Memory Configuration

Name             Origin             Length             Attributes
UNPLACED_SECTIONS 0x0000000100000000 0x0000000000000000 xw
RAM              0x0000000020000000 0x0000000000040000 xw
FLASH            0x0000000000000000 0x0000000000100000 xw
*default*        0x0000000000000000 0xffffffffffffffff

Linker script and memory map

                0x0000000000000000                __vfprintf = __vfprintf_long
                0x0000000000000000                __vfscanf = __vfscanf_int
                0x0000000020000000                __RAM_segment_start__ = 0x20000000
                0x0000000020040000                __RAM_segment_end__ = 0x20040000
                0x0000000000040000                __RAM_segment_size__ = 0x40000
                0x0000000000000000                __FLASH_segment_start__ = 0x0
                0x0000000000100000                __FLASH_segment_end__ = 0x100000
                0x0000000000100000                __FLASH_segment_size__ = 0x100000
                0x0000000000002000                __HEAPSIZE__ = 0x2000
                0x0000000000000000                __STACKSIZE_PROCESS__ = 0x0
                0x0000000000002000                __STACKSIZE__ = 0x2000
                0x0000000020000000                __vectors_ram_load_start__ = 0x20000000

.vectors_ram    0x0000000020000000        0x0
                0x0000000020000000                __vectors_ram_start__ = .
                0x0000000020000000                __app_ram_start__ = __vectors_ram_start__
 *(.vectors_ram .vectors_ram.*)
                0x0000000020000000                __vectors_ram_end__ = (__vectors_ram_start__ + SIZEOF (.vectors_ram))
                0x0000000000000000                __vectors_ram_size__ = SIZEOF (.vectors_ram)
                0x0000000020000000                __vectors_ram_load_end__ = __vectors_ram_end__
                0x0000000000000001                . = ASSERT (((__vectors_ram_start__ == __vectors_ram_end__) || ((__vectors_ram_end__ >= __RAM_segment_start__) && (__vectors_ram_end__ <= __RAM_segment_end__))), error: .vectors_ram is too large to fit in RAM memory segment)
                0x0000000020000000                __nrf_sections_run_load_start__ = ALIGN (__vectors_ram_end__, 0x4)

.nrf_sections_run
                0x0000000020000000        0x0
                0x0000000020000000                __nrf_sections_run_start__ = .
                0x0000000020000000                __start_nrf_sections_run = __nrf_sections_run_start__
 *(.nrf_sections_run .nrf_sections_run.*)
                0x0000000020000000                __nrf_sections_run_end__ = (__nrf_sections_run_start__ + SIZEOF (.nrf_sections_run))
                0x0000000000000000                __nrf_sections_run_size__ = SIZEOF (.nrf_sections_run)
                0x0000000020000000                __nrf_sections_run_load_end__ = __nrf_sections_run_end__
                0x0000000000000001                . = ASSERT (((__nrf_sections_run_start__ == __nrf_sections_run_end__) || ((__nrf_sections_run_end__ >= __RAM_segment_start__) && (__nrf_sections_run_end__ <= __RAM_segment_end__))), error: .nrf_sections_run is too large to fit in RAM memory segment)
                0x0000000000000000                __vectors_load_start__ = 0x0

.vectors        0x0000000000000000      0x200
                0x0000000000000000                __vectors_start__ = .
 *(.vectors .vectors.*)
 .vectors       0x0000000000000000      0x200 Output/gzll_ack_payload_host_pca10056 Release/Obj/ses_startup_nrf52840.o
                0x0000000000000000                _vectors
                0x0000000000000200                __vectors_end__ = (__vectors_start__ + SIZEOF (.vectors))
                0x0000000000000200                __vectors_size__ = SIZEOF (.vectors)
                0x0000000000000200                __vectors_load_end__ = __vectors_end__
                0x0000000000000001                . = ASSERT (((__vectors_start__ == __vectors_end__) || ((__vectors_end__ >= __FLASH_segment_start__) && (__vectors_end__ <= __FLASH_segment_end__))), error: .vectors is too large to fit in FLASH memory segment)
                0x0000000000000200                __init_load_start__ = ALIGN (__vectors_end__, 0x4)

.init           0x0000000000000200      0x1d8
                0x0000000000000200                __init_start__ = .
 *(.init .init.*)
 .init          0x0000000000000200      0x160 Output/gzll_ack_payload_host_pca10056 Release/Obj/thumb_crt0.o
                0x0000000000000200                _start
                0x00000000000002b6                exit
 .init          0x0000000000000360       0x18 Output/gzll_ack_payload_host_pca10056 Release/Obj/ses_startup_nrf52840.o
                0x0000000000000360                NMI_Handler
                0x0000000000000362                HardFault_Handler
                0x0000000000000364                MemoryManagement_Handler
                0x0000000000000366                BusFault_Handler
                0x0000000000000368                UsageFault_Handler
                0x000000000000036a                SVC_Handler
                0x000000000000036c                DebugMon_Handler
                0x000000000000036e                PendSV_Handler
                0x0000000000000370                SysTick_Handler
                0x0000000000000372                RTC0_IRQHandler
                0x0000000000000372                POWER_CLOCK_IRQHandler
                0x0000000000000372                PDM_IRQHandler
                0x0000000000000372                TEMP_IRQHandler
                0x0000000000000372                QDEC_IRQHandler
                0x0000000000000372                PWM1_IRQHandler
                0x0000000000000372                PWM3_IRQHandler
                0x0000000000000372                FPU_IRQHandler
                0x0000000000000372                USBD_IRQHandler
                0x0000000000000372                SPIM0_SPIS0_TWIM0_TWIS0_SPI0_TWI0_IRQHandler
                0x0000000000000372                SWI2_EGU2_IRQHandler
                0x0000000000000372                TIMER4_IRQHandler
                0x0000000000000372                TIMER3_IRQHandler
                0x0000000000000372                I2S_IRQHandler
                0x0000000000000372                SWI4_EGU4_IRQHandler
                0x0000000000000372                UARTE1_IRQHandler
                0x0000000000000372                Dummy_Handler
                0x0000000000000372                TIMER1_IRQHandler
                0x0000000000000372                SPIM3_IRQHandler
                0x0000000000000372                PWM2_IRQHandler
                0x0000000000000372                ECB_IRQHandler
                0x0000000000000372                SPIM1_SPIS1_TWIM1_TWIS1_SPI1_TWI1_IRQHandler
                0x0000000000000372                SAADC_IRQHandler
                0x0000000000000372                CCM_AAR_IRQHandler
                0x0000000000000372                WDT_IRQHandler
                0x0000000000000372                QSPI_IRQHandler
                0x0000000000000372                SWI5_EGU5_IRQHandler
                0x0000000000000372                RNG_IRQHandler
                0x0000000000000372                RTC2_IRQHandler
                0x0000000000000372                PWM0_IRQHandler
                0x0000000000000372                SWI3_EGU3_IRQHandler
                0x0000000000000372                SPIM2_SPIS2_SPI2_IRQHandler
                0x0000000000000372                NFCT_IRQHandler
                0x0000000000000372                CRYPTOCELL_IRQHandler
                0x0000000000000372                MWU_IRQHandler
                0x0000000000000372                TIMER2_IRQHandler
                0x0000000000000372                COMP_LPCOMP_IRQHandler
                0x0000000000000374                nRFInitialize
 .init          0x0000000000000378       0x60 Output/gzll_ack_payload_host_pca10056 Release/Obj/ses_startup_nrf_common.o
                0x0000000000000378                Reset_Handler
                0x00000000000003a0                InitializeUserMemorySections
                0x00000000000003d8                __init_end__ = (__init_start__ + SIZEOF (.init))
                0x00000000000001d8                __init_size__ = SIZEOF (.init)
                0x00000000000003d8                __init_load_end__ = __init_end__
                0x0000000000000001                . = ASSERT (((__init_start__ == __init_end__) || ((__init_end__ >= __FLASH_segment_start__) && (__init_end__ <= __FLASH_segment_end__))), error: .init is too large to fit in FLASH memory segment)
                0x00000000000003d8                __init_rodata_load_start__ = ALIGN (__init_end__, 0x4)

.init_rodata    0x00000000000003d8        0x0
                0x00000000000003d8                __init_rodata_start__ = .
 *(.init_rodata .init_rodata.*)
                0x00000000000003d8                __init_rodata_end__ = (__init_rodata_start__ + SIZEOF (.init_rodata))
                0x0000000000000000                __init_rodata_size__ = SIZEOF (.init_rodata)
                0x00000000000003d8                __init_rodata_load_end__ = __init_rodata_end__
                0x0000000000000001                . = ASSERT (((__init_rodata_start__ == __init_rodata_end__) || ((__init_rodata_end__ >= __FLASH_segment_start__) && (__init_rodata_end__ <= __FLASH_segment_end__))), error: .init_rodata is too large to fit in FLASH memory segment)
                0x00000000000003d8                __text_load_start__ = ALIGN (__init_rodata_end__, 0x4)

.text           0x00000000000003d8     0x6dbe
                0x00000000000003d8                __text_start__ = .
 *(.text .text.* .glue_7t .glue_7 .gnu.linkonce.t.* .gcc_except_table .ARM.extab* .gnu.linkonce.armextab.*)
 .glue_7        0x00000000000003d8        0x0 linker stubs
 .glue_7t       0x00000000000003d8        0x0 linker stubs
 .text.nrf_log_backend_serial_put
                0x00000000000003d8       0xcc Output/gzll_ack_payload_host_pca10056 Release/Obj/nrf_log_backend_serial.o
                0x00000000000003d8                nrf_log_backend_serial_put
 .text.uart_evt_handler
                0x00000000000004a4        0xc Output/gzll_ack_payload_host_pca10056 Release/Obj/nrf_log_backend_uart.o
 .text.nrf_log_backend_uart_flush
                0x00000000000004b0        0x2 Output/gzll_ack_payload_host_pca10056 Release/Obj/nrf_log_backend_uart.o
 *fill*         0x00000000000004b2        0x2 
 .text.uart_init
                0x00000000000004b4       0x4c Output/gzll_ack_payload_host_pca10056 Release/Obj/nrf_log_backend_uart.o
 .text.nrf_log_backend_uart_put
                0x0000000000000500       0x1c Output/gzll_ack_payload_host_pca10056 Release/Obj/nrf_log_backend_uart.o
 .text.serial_tx
                0x000000000000051c       0x48 Output/gzll_ack_payload_host_pca10056 Release/Obj/nrf_log_backend_uart.o
 .text.nrf_log_backend_uart_panic_set
                0x0000000000000564       0x2c Output/gzll_ack_payload_host_pca10056 Release/Obj/nrf_log_backend_uart.o
 .text.nrf_log_backend_uart_init
                0x0000000000000590        0x6 Output/gzll_ack_payload_host_pca10056 Release/Obj/nrf_log_backend_uart.o
                0x0000000000000590                nrf_log_backend_uart_init
 *fill*         0x0000000000000596        0x2 
 .text.nrf_log_default_backends_init
                0x0000000000000598       0x20 Output/gzll_ack_payload_host_pca10056 Release/Obj/nrf_log_default_backends.o
                0x0000000000000598                nrf_log_default_backends_init
 .text.invalid_packets_omit
                0x00000000000005b8       0x3a Output/gzll_ack_payload_host_pca10056 Release/Obj/nrf_log_frontend.o
 *fill*         0x00000000000005f2        0x2 
 .text.buf_prealloc
                0x00000000000005f4      0x12c Output/gzll_ack_payload_host_pca10056 Release/Obj/nrf_log_frontend.o
 .text.nrf_log_init
                0x0000000000000720       0x3c Output/gzll_ack_payload_host_pca10056 Release/Obj/nrf_log_frontend.o
                0x0000000000000720                nrf_log_init
 .text.nrf_log_module_name_get
                0x000000000000075c       0x38 Output/gzll_ack_payload_host_pca10056 Release/Obj/nrf_log_frontend.o
                0x000000000000075c                nrf_log_module_name_get
 .text.nrf_log_color_id_get
                0x0000000000000794       0x2c Output/gzll_ack_payload_host_pca10056 Release/Obj/nrf_log_frontend.o
                0x0000000000000794                nrf_log_color_id_get
 .text.buffer_is_empty
                0x00000000000007c0       0x14 Output/gzll_ack_payload_host_pca10056 Release/Obj/nrf_log_frontend.o
                0x00000000000007c0                buffer_is_empty
 .text.nrf_log_frontend_dequeue
                0x00000000000007d4      0x220 Output/gzll_ack_payload_host_pca10056 Release/Obj/nrf_log_frontend.o
                0x00000000000007d4                nrf_log_frontend_dequeue
 .text.std_n    0x00000000000009f4       0xb0 Output/gzll_ack_payload_host_pca10056 Release/Obj/nrf_log_frontend.o
 .text.nrf_log_frontend_std_0
                0x0000000000000aa4        0x8 Output/gzll_ack_payload_host_pca10056 Release/Obj/nrf_log_frontend.o
                0x0000000000000aa4                nrf_log_frontend_std_0
 .text.nrf_log_frontend_std_1
                0x0000000000000aac       0x14 Output/gzll_ack_payload_host_pca10056 Release/Obj/nrf_log_frontend.o
                0x0000000000000aac                nrf_log_frontend_std_1
 .text.nrf_log_frontend_std_3
                0x0000000000000ac0       0x18 Output/gzll_ack_payload_host_pca10056 Release/Obj/nrf_log_frontend.o
                0x0000000000000ac0                nrf_log_frontend_std_3
 .text.nrf_log_backend_add
                0x0000000000000ad8       0x44 Output/gzll_ack_payload_host_pca10056 Release/Obj/nrf_log_frontend.o
                0x0000000000000ad8                nrf_log_backend_add
 .text.nrf_log_panic
                0x0000000000000b1c       0x2c Output/gzll_ack_payload_host_pca10056 Release/Obj/nrf_log_frontend.o
                0x0000000000000b1c                nrf_log_panic
 .text.postfix_process
                0x0000000000000b48       0x3c Output/gzll_ack_payload_host_pca10056 Release/Obj/nrf_log_str_formatter.o
 .text.prefix_process
                0x0000000000000b84       0x78 Output/gzll_ack_payload_host_pca10056 Release/Obj/nrf_log_str_formatter.o
 .text.nrf_log_std_entry_process
                0x0000000000000bfc       0xc8 Output/gzll_ack_payload_host_pca10056 Release/Obj/nrf_log_str_formatter.o
                0x0000000000000bfc                nrf_log_std_entry_process
 .text.nrf_log_hexdump_entry_process
                0x0000000000000cc4       0xac Output/gzll_ack_payload_host_pca10056 Release/Obj/nrf_log_str_formatter.o
                0x0000000000000cc4                nrf_log_hexdump_entry_process
 .text.bsp_board_led_state_get
                0x0000000000000d70       0x28 Output/gzll_ack_payload_host_pca10056 Release/Obj/boards.o
                0x0000000000000d70                bsp_board_led_state_get
 .text.bsp_board_led_on
                0x0000000000000d98       0x28 Output/gzll_ack_payload_host_pca10056 Release/Obj/boards.o
                0x0000000000000d98                bsp_board_led_on
 .text.bsp_board_led_off
                0x0000000000000dc0       0x28 Output/gzll_ack_payload_host_pca10056 Release/Obj/boards.o
                0x0000000000000dc0                bsp_board_led_off
 .text.bsp_board_leds_off
                0x0000000000000de8       0x1e Output/gzll_ack_payload_host_pca10056 Release/Obj/boards.o
                0x0000000000000de8                bsp_board_leds_off
 .text.bsp_board_leds_on
                0x0000000000000e06       0x1e Output/gzll_ack_payload_host_pca10056 Release/Obj/boards.o
                0x0000000000000e06                bsp_board_leds_on
 .text.bsp_board_led_invert
                0x0000000000000e24       0x34 Output/gzll_ack_payload_host_pca10056 Release/Obj/boards.o
                0x0000000000000e24                bsp_board_led_invert
 .text.bsp_board_button_state_get
                0x0000000000000e58       0x14 Output/gzll_ack_payload_host_pca10056 Release/Obj/boards.o
                0x0000000000000e58                bsp_board_button_state_get
 .text.bsp_board_pin_to_button_idx
                0x0000000000000e6c        0xa Output/gzll_ack_payload_host_pca10056 Release/Obj/boards.o
                0x0000000000000e6c                bsp_board_pin_to_button_idx
 *fill*         0x0000000000000e76        0x2 
 .text.bsp_board_init
                0x0000000000000e78       0xac Output/gzll_ack_payload_host_pca10056 Release/Obj/boards.o
                0x0000000000000e78                bsp_board_init
 .text.detection_delay_timeout_handler
                0x0000000000000f24      0x104 Output/gzll_ack_payload_host_pca10056 Release/Obj/app_button.o
 .text.gpiote_event_handler
                0x0000000000001028       0xa8 Output/gzll_ack_payload_host_pca10056 Release/Obj/app_button.o
 .text.app_button_init
                0x00000000000010d0       0xa8 Output/gzll_ack_payload_host_pca10056 Release/Obj/app_button.o
                0x00000000000010d0                app_button_init
 .text.app_button_enable
                0x0000000000001178       0x2c Output/gzll_ack_payload_host_pca10056 Release/Obj/app_button.o
                0x0000000000001178                app_button_enable
 .text.app_error_handler_bare
                0x00000000000011a4       0x1a Output/gzll_ack_payload_host_pca10056 Release/Obj/app_error.o
                0x00000000000011a4                app_error_handler_bare
 *fill*         0x00000000000011be        0x2 
 .text.app_error_fault_handler
                0x00000000000011c0       0x70 Output/gzll_ack_payload_host_pca10056 Release/Obj/app_error_weak.o
                0x00000000000011c0                app_error_fault_handler
 .text.user_op_alloc
                0x0000000000001230       0x2c Output/gzll_ack_payload_host_pca10056 Release/Obj/app_timer.o
 .text.timer_stop_op_schedule
                0x000000000000125c       0x48 Output/gzll_ack_payload_host_pca10056 Release/Obj/app_timer.o
 .text.nrfx_coredep_delay_us.constprop.3
                0x00000000000012a4       0x10 Output/gzll_ack_payload_host_pca10056 Release/Obj/app_timer.o
 .text.rtc1_stop
                0x00000000000012b4       0x44 Output/gzll_ack_payload_host_pca10056 Release/Obj/app_timer.o
 .text.RTC1_IRQHandler
                0x00000000000012f8       0x9c Output/gzll_ack_payload_host_pca10056 Release/Obj/app_timer.o
                0x00000000000012f8                RTC1_IRQHandler
 .text.SWI0_EGU0_IRQHandler
                0x0000000000001394      0x2ac Output/gzll_ack_payload_host_pca10056 Release/Obj/app_timer.o
                0x0000000000001394                SWI0_EGU0_IRQHandler
 .text.app_timer_init
                0x0000000000001640       0x60 Output/gzll_ack_payload_host_pca10056 Release/Obj/app_timer.o
                0x0000000000001640                app_timer_init
 .text.app_timer_create
                0x00000000000016a0       0x24 Output/gzll_ack_payload_host_pca10056 Release/Obj/app_timer.o
                0x00000000000016a0                app_timer_create
 .text.app_timer_start
                0x00000000000016c4       0x84 Output/gzll_ack_payload_host_pca10056 Release/Obj/app_timer.o
                0x00000000000016c4                app_timer_start
 .text.app_timer_stop
                0x0000000000001748       0x20 Output/gzll_ack_payload_host_pca10056 Release/Obj/app_timer.o
                0x0000000000001748                app_timer_stop
 .text.app_util_disable_irq
                0x0000000000001768       0x10 Output/gzll_ack_payload_host_pca10056 Release/Obj/app_util_platform.o
                0x0000000000001768                app_util_disable_irq
 .text.app_util_enable_irq
                0x0000000000001778       0x14 Output/gzll_ack_payload_host_pca10056 Release/Obj/app_util_platform.o
                0x0000000000001778                app_util_enable_irq
 .text.app_util_critical_region_enter
                0x000000000000178c        0x4 Output/gzll_ack_payload_host_pca10056 Release/Obj/app_util_platform.o
                0x000000000000178c                app_util_critical_region_enter
 .text.app_util_critical_region_exit
                0x0000000000001790        0x4 Output/gzll_ack_payload_host_pca10056 Release/Obj/app_util_platform.o
                0x0000000000001790                app_util_critical_region_exit
 .text.nrf_atomic_u32_fetch_store
                0x0000000000001794       0x14 Output/gzll_ack_payload_host_pca10056 Release/Obj/nrf_atomic.o
                0x0000000000001794                nrf_atomic_u32_fetch_store
 .text.nrf_atomic_u32_or
                0x00000000000017a8       0x16 Output/gzll_ack_payload_host_pca10056 Release/Obj/nrf_atomic.o
                0x00000000000017a8                nrf_atomic_u32_or
 .text.nrf_atomic_u32_fetch_and
                0x00000000000017be       0x16 Output/gzll_ack_payload_host_pca10056 Release/Obj/nrf_atomic.o
                0x00000000000017be                nrf_atomic_u32_fetch_and
 .text.nrf_atomic_u32_add
                0x00000000000017d4       0x16 Output/gzll_ack_payload_host_pca10056 Release/Obj/nrf_atomic.o
                0x00000000000017d4                nrf_atomic_u32_add
 .text.nrf_atomic_u32_sub
                0x00000000000017ea       0x16 Output/gzll_ack_payload_host_pca10056 Release/Obj/nrf_atomic.o
                0x00000000000017ea                nrf_atomic_u32_sub
 .text.nrf_atomic_flag_set
                0x0000000000001800        0x6 Output/gzll_ack_payload_host_pca10056 Release/Obj/nrf_atomic.o
                0x0000000000001800                nrf_atomic_flag_set
 .text.nrf_atomic_flag_clear_fetch
                0x0000000000001806        0x6 Output/gzll_ack_payload_host_pca10056 Release/Obj/nrf_atomic.o
                0x0000000000001806                nrf_atomic_flag_clear_fetch
 .text.nrf_balloc_init
                0x000000000000180c       0x2e Output/gzll_ack_payload_host_pca10056 Release/Obj/nrf_balloc.o
                0x000000000000180c                nrf_balloc_init
 .text.nrf_balloc_alloc
                0x000000000000183a       0x40 Output/gzll_ack_payload_host_pca10056 Release/Obj/nrf_balloc.o
                0x000000000000183a                nrf_balloc_alloc
 .text.nrf_balloc_free
                0x000000000000187a       0x2a Output/gzll_ack_payload_host_pca10056 Release/Obj/nrf_balloc.o
                0x000000000000187a                nrf_balloc_free
 .text.nrf_fprintf_buffer_flush
                0x00000000000018a4       0x16 Output/gzll_ack_payload_host_pca10056 Release/Obj/nrf_fprintf.o
                0x00000000000018a4                nrf_fprintf_buffer_flush
 .text.nrf_fprintf
                0x00000000000018ba       0x1e Output/gzll_ack_payload_host_pca10056 Release/Obj/nrf_fprintf.o
                0x00000000000018ba                nrf_fprintf
 .text.buffer_add
                0x00000000000018d8       0x1e Output/gzll_ack_payload_host_pca10056 Release/Obj/nrf_fprintf_format.o
 *fill*         0x00000000000018f6        0x2 
 .text.unsigned_print
                0x00000000000018f8       0xac Output/gzll_ack_payload_host_pca10056 Release/Obj/nrf_fprintf_format.o
 .text.nrf_fprintf_fmt
                0x00000000000019a4      0x28a Output/gzll_ack_payload_host_pca10056 Release/Obj/nrf_fprintf_format.o
                0x00000000000019a4                nrf_fprintf_fmt
 .text.memobj_op
                0x0000000000001c2e       0x82 Output/gzll_ack_payload_host_pca10056 Release/Obj/nrf_memobj.o
 .text.nrf_memobj_pool_init
                0x0000000000001cb0        0x4 Output/gzll_ack_payload_host_pca10056 Release/Obj/nrf_memobj.o
                0x0000000000001cb0                nrf_memobj_pool_init
 .text.nrf_memobj_free
                0x0000000000001cb4       0x2c Output/gzll_ack_payload_host_pca10056 Release/Obj/nrf_memobj.o
                0x0000000000001cb4                nrf_memobj_free
 .text.nrf_memobj_alloc
                0x0000000000001ce0       0x5e Output/gzll_ack_payload_host_pca10056 Release/Obj/nrf_memobj.o
                0x0000000000001ce0                nrf_memobj_alloc
 .text.nrf_memobj_get
                0x0000000000001d3e        0x8 Output/gzll_ack_payload_host_pca10056 Release/Obj/nrf_memobj.o
                0x0000000000001d3e                nrf_memobj_get
 .text.nrf_memobj_put
                0x0000000000001d46       0x1e Output/gzll_ack_payload_host_pca10056 Release/Obj/nrf_memobj.o
                0x0000000000001d46                nrf_memobj_put
 .text.nrf_memobj_write
                0x0000000000001d64       0x16 Output/gzll_ack_payload_host_pca10056 Release/Obj/nrf_memobj.o
                0x0000000000001d64                nrf_memobj_write
 .text.nrf_memobj_read
                0x0000000000001d7a       0x16 Output/gzll_ack_payload_host_pca10056 Release/Obj/nrf_memobj.o
                0x0000000000001d7a                nrf_memobj_read
 .text.nrf_ringbuf_init
                0x0000000000001d90       0x12 Output/gzll_ack_payload_host_pca10056 Release/Obj/nrf_ringbuf.o
                0x0000000000001d90                nrf_ringbuf_init
 *fill*         0x0000000000001da2        0x2 
 .text.uarte_evt_handler
                0x0000000000001da4       0x34 Output/gzll_ack_payload_host_pca10056 Release/Obj/nrf_drv_uart.o
 .text.uart_evt_handler
                0x0000000000001dd8       0x34 Output/gzll_ack_payload_host_pca10056 Release/Obj/nrf_drv_uart.o
 .text.nrf_drv_uart_init
                0x0000000000001e0c       0x7c Output/gzll_ack_payload_host_pca10056 Release/Obj/nrf_drv_uart.o
                0x0000000000001e0c                nrf_drv_uart_init
 .text.nrf_gpiote_event_clear
                0x0000000000001e88       0x18 Output/gzll_ack_payload_host_pca10056 Release/Obj/nrfx_gpiote.o
 .text.nrf_gpio_pin_port_decode
                0x0000000000001ea0       0x18 Output/gzll_ack_payload_host_pca10056 Release/Obj/nrfx_gpiote.o
 .text.nrf_gpio_cfg_sense_set
                0x0000000000001eb8       0x32 Output/gzll_ack_payload_host_pca10056 Release/Obj/nrfx_gpiote.o
 *fill*         0x0000000000001eea        0x2 
 .text.channel_free
                0x0000000000001eec       0x1c Output/gzll_ack_payload_host_pca10056 Release/Obj/nrfx_gpiote.o
 .text.nrfx_gpiote_init
                0x0000000000001f08       0x70 Output/gzll_ack_payload_host_pca10056 Release/Obj/nrfx_gpiote.o
                0x0000000000001f08                nrfx_gpiote_init
 .text.nrfx_gpiote_is_init
                0x0000000000001f78       0x14 Output/gzll_ack_payload_host_pca10056 Release/Obj/nrfx_gpiote.o
                0x0000000000001f78                nrfx_gpiote_is_init
 .text.nrfx_gpiote_in_init
                0x0000000000001f8c      0x10c Output/gzll_ack_payload_host_pca10056 Release/Obj/nrfx_gpiote.o
                0x0000000000001f8c                nrfx_gpiote_in_init
 .text.nrfx_gpiote_in_event_enable
                0x0000000000002098       0x94 Output/gzll_ack_payload_host_pca10056 Release/Obj/nrfx_gpiote.o
                0x0000000000002098                nrfx_gpiote_in_event_enable
 .text.nrfx_gpiote_in_is_set
                0x000000000000212c       0x20 Output/gzll_ack_payload_host_pca10056 Release/Obj/nrfx_gpiote.o
                0x000000000000212c                nrfx_gpiote_in_is_set
 .text.GPIOTE_IRQHandler
                0x000000000000214c      0x1a4 Output/gzll_ack_payload_host_pca10056 Release/Obj/nrfx_gpiote.o
                0x000000000000214c                GPIOTE_IRQHandler
 .text.UARTE0_UART0_IRQHandler
                0x00000000000022f0        0xc Output/gzll_ack_payload_host_pca10056 Release/Obj/nrfx_prs.o
                0x00000000000022f0                UARTE0_UART0_IRQHandler
 .text.nrfx_prs_acquire
                0x00000000000022fc       0x34 Output/gzll_ack_payload_host_pca10056 Release/Obj/nrfx_prs.o
                0x00000000000022fc                nrfx_prs_acquire
 .text.nrfx_prs_release
                0x0000000000002330       0x18 Output/gzll_ack_payload_host_pca10056 Release/Obj/nrfx_prs.o
                0x0000000000002330                nrfx_prs_release
 .text.nrf_uart_event_clear
                0x0000000000002348       0x10 Output/gzll_ack_payload_host_pca10056 Release/Obj/nrfx_uart.o
 .text.tx_byte  0x0000000000002358       0x1e Output/gzll_ack_payload_host_pca10056 Release/Obj/nrfx_uart.o
 .text.rx_byte  0x0000000000002376       0x2c Output/gzll_ack_payload_host_pca10056 Release/Obj/nrfx_uart.o
 *fill*         0x00000000000023a2        0x2 
 .text.rx_done_event.constprop.7
                0x00000000000023a4       0x20 Output/gzll_ack_payload_host_pca10056 Release/Obj/nrfx_uart.o
 .text.nrfx_uart_0_irq_handler
                0x00000000000023c4      0x13c Output/gzll_ack_payload_host_pca10056 Release/Obj/nrfx_uart.o
                0x00000000000023c4                nrfx_uart_0_irq_handler
 .text.nrf_gpio_cfg_default
                0x0000000000002500       0x20 Output/gzll_ack_payload_host_pca10056 Release/Obj/nrfx_uart.o
 .text.nrfx_uart_init
                0x0000000000002520      0x1b4 Output/gzll_ack_payload_host_pca10056 Release/Obj/nrfx_uart.o
                0x0000000000002520                nrfx_uart_init
 .text.nrfx_uart_uninit
                0x00000000000026d4       0xac Output/gzll_ack_payload_host_pca10056 Release/Obj/nrfx_uart.o
                0x00000000000026d4                nrfx_uart_uninit
 .text.nrfx_uart_tx
                0x0000000000002780       0x94 Output/gzll_ack_payload_host_pca10056 Release/Obj/nrfx_uart.o
                0x0000000000002780                nrfx_uart_tx
 .text.nrf_uarte_event_clear
                0x0000000000002814       0x10 Output/gzll_ack_payload_host_pca10056 Release/Obj/nrfx_uarte.o
 .text.rx_done_event.constprop.6
                0x0000000000002824       0x24 Output/gzll_ack_payload_host_pca10056 Release/Obj/nrfx_uarte.o
 .text.nrfx_uarte_0_irq_handler
                0x0000000000002848       0xec Output/gzll_ack_payload_host_pca10056 Release/Obj/nrfx_uarte.o
                0x0000000000002848                nrfx_uarte_0_irq_handler
 .text.nrf_gpio_cfg_default
                0x0000000000002934       0x20 Output/gzll_ack_payload_host_pca10056 Release/Obj/nrfx_uarte.o
 .text.nrfx_uarte_init
                0x0000000000002954      0x1c4 Output/gzll_ack_payload_host_pca10056 Release/Obj/nrfx_uarte.o
                0x0000000000002954                nrfx_uarte_init
 .text.nrfx_uarte_uninit
                0x0000000000002b18       0xac Output/gzll_ack_payload_host_pca10056 Release/Obj/nrfx_uarte.o
                0x0000000000002b18                nrfx_uarte_uninit
 .text.nrfx_uarte_tx
                0x0000000000002bc4       0x88 Output/gzll_ack_payload_host_pca10056 Release/Obj/nrfx_uarte.o
                0x0000000000002bc4                nrfx_uarte_tx
 .text.alert_timer_handler
                0x0000000000002c4c        0x6 Output/gzll_ack_payload_host_pca10056 Release/Obj/bsp.o
 *fill*         0x0000000000002c52        0x2 
 .text.leds_off
                0x0000000000002c54       0x2c Output/gzll_ack_payload_host_pca10056 Release/Obj/bsp.o
 .text.bsp_led_indication
                0x0000000000002c80      0x204 Output/gzll_ack_payload_host_pca10056 Release/Obj/bsp.o
 .text.leds_timer_handler
                0x0000000000002e84       0x1c Output/gzll_ack_payload_host_pca10056 Release/Obj/bsp.o
 .text.bsp_button_event_handler
                0x0000000000002ea0       0x80 Output/gzll_ack_payload_host_pca10056 Release/Obj/bsp.o
 .text.button_timer_handler
                0x0000000000002f20        0x8 Output/gzll_ack_payload_host_pca10056 Release/Obj/bsp.o
 .text.bsp_button_is_pressed
                0x0000000000002f28        0xa Output/gzll_ack_payload_host_pca10056 Release/Obj/bsp.o
                0x0000000000002f28                bsp_button_is_pressed
 *fill*         0x0000000000002f32        0x2 
 .text.bsp_init
                0x0000000000002f34       0x90 Output/gzll_ack_payload_host_pca10056 Release/Obj/bsp.o
                0x0000000000002f34                bsp_init
 .text.input_get
                0x0000000000002fc4       0x18 Output/gzll_ack_payload_host_pca10056 Release/Obj/main.o
 .text.nrf_gzll_host_rx_data_ready
                0x0000000000002fdc       0x90 Output/gzll_ack_payload_host_pca10056 Release/Obj/main.o
                0x0000000000002fdc                nrf_gzll_host_rx_data_ready
 .text.nrf_gzll_device_tx_success
                0x000000000000306c        0xc Output/gzll_ack_payload_host_pca10056 Release/Obj/main.o
                0x000000000000306c                nrf_gzll_device_tx_success
 .text.nrf_gzll_device_tx_failed
                0x0000000000003078        0xc Output/gzll_ack_payload_host_pca10056 Release/Obj/main.o
                0x0000000000003078                nrf_gzll_device_tx_failed
 .text.nrf_gzll_disabled
                0x0000000000003084        0x2 Output/gzll_ack_payload_host_pca10056 Release/Obj/main.o
                0x0000000000003084                nrf_gzll_disabled
 *fill*         0x0000000000003086        0x2 
 .text.startup.main
                0x0000000000003088      0x168 Output/gzll_ack_payload_host_pca10056 Release/Obj/main.o
                0x0000000000003088                main
 .text.errata_98
                0x00000000000031f0       0x20 Output/gzll_ack_payload_host_pca10056 Release/Obj/system_nrf52840.o
 .text.SystemInit
                0x0000000000003210      0x1b8 Output/gzll_ack_payload_host_pca10056 Release/Obj/system_nrf52840.o
                0x0000000000003210                SystemInit
 .text.nrf_gzll_init
                0x00000000000033c8      0x124 ../../../../../../../../components/proprietary_rf/gzll/gcc/gzll_nrf52840_sd_resources_gcc.a(nrf_gzll.c.o)
                0x00000000000033c8                nrf_gzll_init
 .text.nrf_gzll_enable
                0x00000000000034ec       0x38 ../../../../../../../../components/proprietary_rf/gzll/gcc/gzll_nrf52840_sd_resources_gcc.a(nrf_gzll.c.o)
                0x00000000000034ec                nrf_gzll_enable
 .text.nrf_gzll_add_packet_to_tx_fifo
                0x0000000000003524       0xac ../../../../../../../../components/proprietary_rf/gzll/gcc/gzll_nrf52840_sd_resources_gcc.a(nrf_gzll.c.o)
                0x0000000000003524                nrf_gzll_add_packet_to_tx_fifo
 .text.nrf_gzll_fetch_packet_from_rx_fifo
                0x00000000000035d0       0x74 ../../../../../../../../components/proprietary_rf/gzll/gcc/gzll_nrf52840_sd_resources_gcc.a(nrf_gzll.c.o)
                0x00000000000035d0                nrf_gzll_fetch_packet_from_rx_fifo
 .text.nrf_gzll_get_channel_table_size
                0x0000000000003644        0xc ../../../../../../../../components/proprietary_rf/gzll/gcc/gzll_nrf52840_sd_resources_gcc.a(nrf_gzll.c.o)
                0x0000000000003644                nrf_gzll_get_channel_table_size
 .text.nrf_gzll_reset_tx_statistics
                0x0000000000003650       0x64 ../../../../../../../../components/proprietary_rf/gzll/gcc/gzll_nrf52840_sd_resources_gcc.a(nrf_gzll.c.o)
                0x0000000000003650                nrf_gzll_reset_tx_statistics
 .text.nrf_gzll_tx_statistics_enable
                0x00000000000036b4       0x74 ../../../../../../../../components/proprietary_rf/gzll/gcc/gzll_nrf52840_sd_resources_gcc.a(nrf_gzll.c.o)
                0x00000000000036b4                nrf_gzll_tx_statistics_enable
 .text.nrf_gzll_get_error_code
                0x0000000000003728        0xc ../../../../../../../../components/proprietary_rf/gzll/gcc/gzll_nrf52840_sd_resources_gcc.a(nrf_gzll.c.o)
                0x0000000000003728                nrf_gzll_get_error_code
 .text.nrf_gzll_mode_changed
                0x0000000000003734        0x4 ../../../../../../../../components/proprietary_rf/gzll/gcc/gzll_nrf52840_sd_resources_gcc.a(nrf_gzll.c.o)
                0x0000000000003734                nrf_gzll_mode_changed
 .text.notification_cb
                0x0000000000003738      0x1e0 ../../../../../../../../components/proprietary_rf/gzll/gcc/gzll_nrf52840_sd_resources_gcc.a(nrf_gzll.c.o)
 .text.nrf_assert_internal_callback
                0x0000000000003918       0x14 ../../../../../../../../components/proprietary_rf/gzll/gcc/gzll_nrf52840_sd_resources_gcc.a(nrf_gzll.c.o)
                0x0000000000003918                nrf_assert_internal_callback
 .text.nrf_impl_device_ack_received
                0x000000000000392c      0x19c ../../../../../../../../components/proprietary_rf/gzll/gcc/gzll_nrf52840_sd_resources_gcc.a(nrf_impala.c.o)
 .text.nrf_impl_async_state_rx_enabling
                0x0000000000003ac8       0xac ../../../../../../../../components/proprietary_rf/gzll/gcc/gzll_nrf52840_sd_resources_gcc.a(nrf_impala.c.o)
 .text.nrf_impl_async_state_packet_received
                0x0000000000003b74      0x1d4 ../../../../../../../../components/proprietary_rf/gzll/gcc/gzll_nrf52840_sd_resources_gcc.a(nrf_impala.c.o)
 .text.nrf_impl_sm_stop.part.3
                0x0000000000003d48       0x2c ../../../../../../../../components/proprietary_rf/gzll/gcc/gzll_nrf52840_sd_resources_gcc.a(nrf_impala.c.o)
 .text.nrf_impl_goto_disable.part.4
                0x0000000000003d74       0xa0 ../../../../../../../../components/proprietary_rf/gzll/gcc/gzll_nrf52840_sd_resources_gcc.a(nrf_impala.c.o)
 .text.nrf_impl_restore_all_hw_params
                0x0000000000003e14      0x4e0 ../../../../../../../../components/proprietary_rf/gzll/gcc/gzll_nrf52840_sd_resources_gcc.a(nrf_impala.c.o)
 .text.nrf_impl_mode_update
                0x00000000000042f4      0x104 ../../../../../../../../components/proprietary_rf/gzll/gcc/gzll_nrf52840_sd_resources_gcc.a(nrf_impala.c.o)
 .text.nrf_impl_ptx_session_start.part.2
                0x00000000000043f8       0xd8 ../../../../../../../../components/proprietary_rf/gzll/gcc/gzll_nrf52840_sd_resources_gcc.a(nrf_impala.c.o)
 .text.nrf_impl_async_state_tx_ack_complete
                0x00000000000044d0       0xb0 ../../../../../../../../components/proprietary_rf/gzll/gcc/gzll_nrf52840_sd_resources_gcc.a(nrf_impala.c.o)
 .text.nrf_impl_init
                0x0000000000004580      0x1d8 ../../../../../../../../components/proprietary_rf/gzll/gcc/gzll_nrf52840_sd_resources_gcc.a(nrf_impala.c.o)
                0x0000000000004580                nrf_impl_init
 .text.nrf_impl_pa_lna_cfg_set
                0x0000000000004758        0xc ../../../../../../../../components/proprietary_rf/gzll/gcc/gzll_nrf52840_sd_resources_gcc.a(nrf_impala.c.o)
                0x0000000000004758                nrf_impl_pa_lna_cfg_set
 .text.nrf_impl_enable
                0x0000000000004764       0xb4 ../../../../../../../../components/proprietary_rf/gzll/gcc/gzll_nrf52840_sd_resources_gcc.a(nrf_impala.c.o)
                0x0000000000004764                nrf_impl_enable
 .text.nrf_impl_disable
                0x0000000000004818       0x7c ../../../../../../../../components/proprietary_rf/gzll/gcc/gzll_nrf52840_sd_resources_gcc.a(nrf_impala.c.o)
                0x0000000000004818                nrf_impl_disable
 .text.nrf_impl_is_disabled
                0x0000000000004894       0x10 ../../../../../../../../components/proprietary_rf/gzll/gcc/gzll_nrf52840_sd_resources_gcc.a(nrf_impala.c.o)
                0x0000000000004894                nrf_impl_is_disabled
 .text.nrf_impl_mode_set
                0x00000000000048a4       0x8c ../../../../../../../../components/proprietary_rf/gzll/gcc/gzll_nrf52840_sd_resources_gcc.a(nrf_impala.c.o)
                0x00000000000048a4                nrf_impl_mode_set
 .text.nrf_impl_packet_reserve
                0x0000000000004930       0x14 ../../../../../../../../components/proprietary_rf/gzll/gcc/gzll_nrf52840_sd_resources_gcc.a(nrf_impala.c.o)
                0x0000000000004930                nrf_impl_packet_reserve
 .text.nrf_impl_packet_free
                0x0000000000004944       0x14 ../../../../../../../../components/proprietary_rf/gzll/gcc/gzll_nrf52840_sd_resources_gcc.a(nrf_impala.c.o)
                0x0000000000004944                nrf_impl_packet_free
 .text.nrf_impl_tx_fifo_put
                0x0000000000004958       0x8c ../../../../../../../../components/proprietary_rf/gzll/gcc/gzll_nrf52840_sd_resources_gcc.a(nrf_impala.c.o)
                0x0000000000004958                nrf_impl_tx_fifo_put
 .text.nrf_impl_rx_fifo_pop
                0x00000000000049e4       0x14 ../../../../../../../../components/proprietary_rf/gzll/gcc/gzll_nrf52840_sd_resources_gcc.a(nrf_impala.c.o)
                0x00000000000049e4                nrf_impl_rx_fifo_pop
 .text.nrf_impl_rx_fifo_read
                0x00000000000049f8        0x4 ../../../../../../../../components/proprietary_rf/gzll/gcc/gzll_nrf52840_sd_resources_gcc.a(nrf_impala.c.o)
                0x00000000000049f8                nrf_impl_rx_fifo_read
 .text.nrf_impl_tx_fifo_packet_num_get
                0x00000000000049fc        0x4 ../../../../../../../../components/proprietary_rf/gzll/gcc/gzll_nrf52840_sd_resources_gcc.a(nrf_impala.c.o)
                0x00000000000049fc                nrf_impl_tx_fifo_packet_num_get
 .text.nrf_impl_rx_fifo_packet_num_get
                0x0000000000004a00        0x4 ../../../../../../../../components/proprietary_rf/gzll/gcc/gzll_nrf52840_sd_resources_gcc.a(nrf_impala.c.o)
                0x0000000000004a00                nrf_impl_rx_fifo_packet_num_get
 .text.nrf_impl_fifo_free_packet_num_get
                0x0000000000004a04        0x4 ../../../../../../../../components/proprietary_rf/gzll/gcc/gzll_nrf52840_sd_resources_gcc.a(nrf_impala.c.o)
                0x0000000000004a04                nrf_impl_fifo_free_packet_num_get
 .text.nrf_impl_base_address_0_get
                0x0000000000004a08        0xc ../../../../../../../../components/proprietary_rf/gzll/gcc/gzll_nrf52840_sd_resources_gcc.a(nrf_impala.c.o)
                0x0000000000004a08                nrf_impl_base_address_0_get
 .text.nrf_impl_prefix_addr_get
                0x0000000000004a14       0x20 ../../../../../../../../components/proprietary_rf/gzll/gcc/gzll_nrf52840_sd_resources_gcc.a(nrf_impala.c.o)
                0x0000000000004a14                nrf_impl_prefix_addr_get
 .text.nrf_impl_channel_table_set
                0x0000000000004a34       0x38 ../../../../../../../../components/proprietary_rf/gzll/gcc/gzll_nrf52840_sd_resources_gcc.a(nrf_impala.c.o)
                0x0000000000004a34                nrf_impl_channel_table_set
 .text.nrf_impl_base_address_length_set
                0x0000000000004a6c       0x20 ../../../../../../../../components/proprietary_rf/gzll/gcc/gzll_nrf52840_sd_resources_gcc.a(nrf_impala.c.o)
                0x0000000000004a6c                nrf_impl_base_address_length_set
 .text.nrf_impl_tx_power_set
                0x0000000000004a8c       0x18 ../../../../../../../../components/proprietary_rf/gzll/gcc/gzll_nrf52840_sd_resources_gcc.a(nrf_impala.c.o)
                0x0000000000004a8c                nrf_impl_tx_power_set
 .text.nrf_impl_datarate_set
                0x0000000000004aa4       0x20 ../../../../../../../../components/proprietary_rf/gzll/gcc/gzll_nrf52840_sd_resources_gcc.a(nrf_impala.c.o)
                0x0000000000004aa4                nrf_impl_datarate_set
 .text.nrf_impl_rssi_state_set
                0x0000000000004ac4       0x28 ../../../../../../../../components/proprietary_rf/gzll/gcc/gzll_nrf52840_sd_resources_gcc.a(nrf_impala.c.o)
                0x0000000000004ac4                nrf_impl_rssi_state_set
 .text.nrf_impl_chan_select_policy_set
                0x0000000000004aec        0xc ../../../../../../../../components/proprietary_rf/gzll/gcc/gzll_nrf52840_sd_resources_gcc.a(nrf_impala.c.o)
                0x0000000000004aec                nrf_impl_chan_select_policy_set
 .text.nrf_impl_xosc_ctl_set
                0x0000000000004af8        0xc ../../../../../../../../components/proprietary_rf/gzll/gcc/gzll_nrf52840_sd_resources_gcc.a(nrf_impala.c.o)
                0x0000000000004af8                nrf_impl_xosc_ctl_set
 .text.nrf_impl_state_fun_timeslot_start
                0x0000000000004b04      0x440 ../../../../../../../../components/proprietary_rf/gzll/gcc/gzll_nrf52840_sd_resources_gcc.a(nrf_impala.c.o)
                0x0000000000004b04                nrf_impl_state_fun_timeslot_start
 .text.nrf_impl_state_fun_device_send_packet
                0x0000000000004f44       0x64 ../../../../../../../../components/proprietary_rf/gzll/gcc/gzll_nrf52840_sd_resources_gcc.a(nrf_impala.c.o)
                0x0000000000004f44                nrf_impl_state_fun_device_send_packet
 .text.nrf_lcore_device_pa_control_setup
                0x0000000000004fa8       0xc4 ../../../../../../../../components/proprietary_rf/gzll/gcc/gzll_nrf52840_sd_resources_gcc.a(nrf_link_core.c.o)
                0x0000000000004fa8                nrf_lcore_device_pa_control_setup
 .text.nrf_lcore_device_lna_timer_setup
                0x000000000000506c       0x3c ../../../../../../../../components/proprietary_rf/gzll/gcc/gzll_nrf52840_sd_resources_gcc.a(nrf_link_core.c.o)
                0x000000000000506c                nrf_lcore_device_lna_timer_setup
 .text.nrf_lcore_device_lna_output_clear
                0x00000000000050a8       0x24 ../../../../../../../../components/proprietary_rf/gzll/gcc/gzll_nrf52840_sd_resources_gcc.a(nrf_link_core.c.o)
                0x00000000000050a8                nrf_lcore_device_lna_output_clear
 .text.nrf_lcore_get_last_transaction_rf_channel
                0x00000000000050cc        0xc ../../../../../../../../components/proprietary_rf/gzll/gcc/gzll_nrf52840_sd_resources_gcc.a(nrf_link_core.c.o)
                0x00000000000050cc                nrf_lcore_get_last_transaction_rf_channel
 .text.nrf_lcore_init
                0x00000000000050d8      0x2fc ../../../../../../../../components/proprietary_rf/gzll/gcc/gzll_nrf52840_sd_resources_gcc.a(nrf_link_core.c.o)
                0x00000000000050d8                nrf_lcore_init
 .text.nrf_lcore_operation_prepare
                0x00000000000053d4       0xd8 ../../../../../../../../components/proprietary_rf/gzll/gcc/gzll_nrf52840_sd_resources_gcc.a(nrf_link_core.c.o)
                0x00000000000053d4                nrf_lcore_operation_prepare
 .text.nrf_lcore_operation_start
                0x00000000000054ac      0x16c ../../../../../../../../components/proprietary_rf/gzll/gcc/gzll_nrf52840_sd_resources_gcc.a(nrf_link_core.c.o)
                0x00000000000054ac                nrf_lcore_operation_start
 .text.nrf_lcore_rx_address_match
                0x0000000000005618       0x18 ../../../../../../../../components/proprietary_rf/gzll/gcc/gzll_nrf52840_sd_resources_gcc.a(nrf_link_core.c.o)
                0x0000000000005618                nrf_lcore_rx_address_match
 .text.nrf_lcore_disable
                0x0000000000005630      0x1f0 ../../../../../../../../components/proprietary_rf/gzll/gcc/gzll_nrf52840_sd_resources_gcc.a(nrf_link_core.c.o)
                0x0000000000005630                nrf_lcore_disable
 .text.RADIO_IRQHandler
                0x0000000000005820      0x8e0 ../../../../../../../../components/proprietary_rf/gzll/gcc/gzll_nrf52840_sd_resources_gcc.a(nrf_link_core.c.o)
                0x0000000000005820                RADIO_IRQHandler
 .text.nrf_nm_init
                0x0000000000006100       0x38 ../../../../../../../../components/proprietary_rf/gzll/gcc/gzll_nrf52840_sd_resources_gcc.a(nrf_notification_manager.c.o)
                0x0000000000006100                nrf_nm_init
 .text.nrf_nm_add
                0x0000000000006138       0x78 ../../../../../../../../components/proprietary_rf/gzll/gcc/gzll_nrf52840_sd_resources_gcc.a(nrf_notification_manager.c.o)
                0x0000000000006138                nrf_nm_add
 .text.nrf_nm_notify_queue_space_get
                0x00000000000061b0       0x28 ../../../../../../../../components/proprietary_rf/gzll/gcc/gzll_nrf52840_sd_resources_gcc.a(nrf_notification_manager.c.o)
                0x00000000000061b0                nrf_nm_notify_queue_space_get
 .text.SWI1_EGU1_IRQHandler
                0x00000000000061d8       0x78 ../../../../../../../../components/proprietary_rf/gzll/gcc/gzll_nrf52840_sd_resources_gcc.a(nrf_notification_manager.c.o)
                0x00000000000061d8                SWI1_EGU1_IRQHandler
 .text.nrf_pm_init
                0x0000000000006250       0x58 ../../../../../../../../components/proprietary_rf/gzll/gcc/gzll_nrf52840_sd_resources_gcc.a(nrf_packet_manager.c.o)
                0x0000000000006250                nrf_pm_init
 .text.nrf_pm_ptx_fifo_not_empty
                0x00000000000062a8        0xc ../../../../../../../../components/proprietary_rf/gzll/gcc/gzll_nrf52840_sd_resources_gcc.a(nrf_packet_manager.c.o)
                0x00000000000062a8                nrf_pm_ptx_fifo_not_empty
 .text.nrf_pm_ptx_start
                0x00000000000062b4       0xc4 ../../../../../../../../components/proprietary_rf/gzll/gcc/gzll_nrf52840_sd_resources_gcc.a(nrf_packet_manager.c.o)
                0x00000000000062b4                nrf_pm_ptx_start
 .text.nrf_pm_ptx_end
                0x0000000000006378       0xec ../../../../../../../../components/proprietary_rf/gzll/gcc/gzll_nrf52840_sd_resources_gcc.a(nrf_packet_manager.c.o)
                0x0000000000006378                nrf_pm_ptx_end
 .text.nrf_pm_current_ptx_pipe_get
                0x0000000000006464        0xc ../../../../../../../../components/proprietary_rf/gzll/gcc/gzll_nrf52840_sd_resources_gcc.a(nrf_packet_manager.c.o)
                0x0000000000006464                nrf_pm_current_ptx_pipe_get
 .text.nrf_pm_current_ptx_packet_get
                0x0000000000006470        0xc ../../../../../../../../components/proprietary_rf/gzll/gcc/gzll_nrf52840_sd_resources_gcc.a(nrf_packet_manager.c.o)
                0x0000000000006470                nrf_pm_current_ptx_packet_get
 .text.nrf_pm_current_ptx_ack_ptr_get
                0x000000000000647c        0xc ../../../../../../../../components/proprietary_rf/gzll/gcc/gzll_nrf52840_sd_resources_gcc.a(nrf_packet_manager.c.o)
                0x000000000000647c                nrf_pm_current_ptx_ack_ptr_get
 .text.nrf_pm_prx_start
                0x0000000000006488       0xc8 ../../../../../../../../components/proprietary_rf/gzll/gcc/gzll_nrf52840_sd_resources_gcc.a(nrf_packet_manager.c.o)
                0x0000000000006488                nrf_pm_prx_start
 .text.nrf_pm_prx_end
                0x0000000000006550      0x17c ../../../../../../../../components/proprietary_rf/gzll/gcc/gzll_nrf52840_sd_resources_gcc.a(nrf_packet_manager.c.o)
                0x0000000000006550                nrf_pm_prx_end
 .text.nrf_pm_state_get
                0x00000000000066cc        0xc ../../../../../../../../components/proprietary_rf/gzll/gcc/gzll_nrf52840_sd_resources_gcc.a(nrf_packet_manager.c.o)
                0x00000000000066cc                nrf_pm_state_get
 .text.nrf_pm_tx_fifo_put
                0x00000000000066d8       0x70 ../../../../../../../../components/proprietary_rf/gzll/gcc/gzll_nrf52840_sd_resources_gcc.a(nrf_packet_manager.c.o)
                0x00000000000066d8                nrf_pm_tx_fifo_put
 .text.nrf_pm_tx_fifo_packet_num_get
                0x0000000000006748        0x4 ../../../../../../../../components/proprietary_rf/gzll/gcc/gzll_nrf52840_sd_resources_gcc.a(nrf_packet_manager.c.o)
                0x0000000000006748                nrf_pm_tx_fifo_packet_num_get
 .text.nrf_pm_rx_fifo_read
                0x000000000000674c        0x8 ../../../../../../../../components/proprietary_rf/gzll/gcc/gzll_nrf52840_sd_resources_gcc.a(nrf_packet_manager.c.o)
                0x000000000000674c                nrf_pm_rx_fifo_read
 .text.nrf_pm_rx_fifo_pop
                0x0000000000006754        0x8 ../../../../../../../../components/proprietary_rf/gzll/gcc/gzll_nrf52840_sd_resources_gcc.a(nrf_packet_manager.c.o)
                0x0000000000006754                nrf_pm_rx_fifo_pop
 .text.nrf_pm_rx_fifo_packet_num_get
                0x000000000000675c        0x8 ../../../../../../../../components/proprietary_rf/gzll/gcc/gzll_nrf52840_sd_resources_gcc.a(nrf_packet_manager.c.o)
                0x000000000000675c                nrf_pm_rx_fifo_packet_num_get
 .text.nrf_pm_packet_reserve
                0x0000000000006764        0x4 ../../../../../../../../components/proprietary_rf/gzll/gcc/gzll_nrf52840_sd_resources_gcc.a(nrf_packet_manager.c.o)
                0x0000000000006764                nrf_pm_packet_reserve
 .text.nrf_pm_packet_free
                0x0000000000006768        0x4 ../../../../../../../../components/proprietary_rf/gzll/gcc/gzll_nrf52840_sd_resources_gcc.a(nrf_packet_manager.c.o)
                0x0000000000006768                nrf_pm_packet_free
 .text.nrf_pm_fifo_free_packet_num_get
                0x000000000000676c        0x4 ../../../../../../../../components/proprietary_rf/gzll/gcc/gzll_nrf52840_sd_resources_gcc.a(nrf_packet_manager.c.o)
                0x000000000000676c                nrf_pm_fifo_free_packet_num_get
 .text.nrf_pm_dyn_ack_status_set
                0x0000000000006770        0xc ../../../../../../../../components/proprietary_rf/gzll/gcc/gzll_nrf52840_sd_resources_gcc.a(nrf_packet_manager.c.o)
                0x0000000000006770                nrf_pm_dyn_ack_status_set
 .text.nrf_sm_init
                0x000000000000677c       0x10 ../../../../../../../../components/proprietary_rf/gzll/gcc/gzll_nrf52840_sd_resources_gcc.a(nrf_state_machine.c.o)
                0x000000000000677c                nrf_sm_init
 .text.nrf_sm_next_state_set
                0x000000000000678c       0x1c ../../../../../../../../components/proprietary_rf/gzll/gcc/gzll_nrf52840_sd_resources_gcc.a(nrf_state_machine.c.o)
                0x000000000000678c                nrf_sm_next_state_set
 .text.nrf_sm_current_state_get
                0x00000000000067a8        0xc ../../../../../../../../components/proprietary_rf/gzll/gcc/gzll_nrf52840_sd_resources_gcc.a(nrf_state_machine.c.o)
                0x00000000000067a8                nrf_sm_current_state_get
 .text.nrf_sm_next_state_get
                0x00000000000067b4        0xc ../../../../../../../../components/proprietary_rf/gzll/gcc/gzll_nrf52840_sd_resources_gcc.a(nrf_state_machine.c.o)
                0x00000000000067b4                nrf_sm_next_state_get
 .text.nrf_sm_execute
                0x00000000000067c0       0x1c ../../../../../../../../components/proprietary_rf/gzll/gcc/gzll_nrf52840_sd_resources_gcc.a(nrf_state_machine.c.o)
                0x00000000000067c0                nrf_sm_execute
 .text.nrf_assert_internal_parse_and_forward
                0x00000000000067dc        0x4 ../../../../../../../../components/proprietary_rf/gzll/gcc/gzll_nrf52840_sd_resources_gcc.a(nrf_assert_internal.c.o)
                0x00000000000067dc                nrf_assert_internal_parse_and_forward
 .text.nrf_chm_init
                0x00000000000067e0       0x28 ../../../../../../../../components/proprietary_rf/gzll/gcc/gzll_nrf52840_sd_resources_gcc.a(nrf_channel_manager.c.o)
                0x00000000000067e0                nrf_chm_init
 .text.nrf_chm_single_tick_execute
                0x0000000000006808       0x30 ../../../../../../../../components/proprietary_rf/gzll/gcc/gzll_nrf52840_sd_resources_gcc.a(nrf_channel_manager.c.o)
                0x0000000000006808                nrf_chm_single_tick_execute
 .text.nrf_chm_current_chan_get
                0x0000000000006838       0x2c ../../../../../../../../components/proprietary_rf/gzll/gcc/gzll_nrf52840_sd_resources_gcc.a(nrf_channel_manager.c.o)
                0x0000000000006838                nrf_chm_current_chan_get
 .text.nrf_chm_current_chan_index_set
                0x0000000000006864       0x28 ../../../../../../../../components/proprietary_rf/gzll/gcc/gzll_nrf52840_sd_resources_gcc.a(nrf_channel_manager.c.o)
                0x0000000000006864                nrf_chm_current_chan_index_set
 .text.nrf_chm_current_chan_index_get
                0x000000000000688c        0xc ../../../../../../../../components/proprietary_rf/gzll/gcc/gzll_nrf52840_sd_resources_gcc.a(nrf_channel_manager.c.o)
                0x000000000000688c                nrf_chm_current_chan_index_get
 .text.nrf_chm_current_timeslot_set
                0x0000000000006898       0x28 ../../../../../../../../components/proprietary_rf/gzll/gcc/gzll_nrf52840_sd_resources_gcc.a(nrf_channel_manager.c.o)
                0x0000000000006898                nrf_chm_current_timeslot_set
 .text.nrf_chm_current_timeslot_get
                0x00000000000068c0        0xc ../../../../../../../../components/proprietary_rf/gzll/gcc/gzll_nrf52840_sd_resources_gcc.a(nrf_channel_manager.c.o)
                0x00000000000068c0                nrf_chm_current_timeslot_get
 .text.nrf_fifo_init
                0x00000000000068cc       0xcc ../../../../../../../../components/proprietary_rf/gzll/gcc/gzll_nrf52840_sd_resources_gcc.a(nrf_fifo.c.o)
                0x00000000000068cc                nrf_fifo_init
 .text.nrf_fifo_packet_reserve
                0x0000000000006998       0x8c ../../../../../../../../components/proprietary_rf/gzll/gcc/gzll_nrf52840_sd_resources_gcc.a(nrf_fifo.c.o)
                0x0000000000006998                nrf_fifo_packet_reserve
 .text.nrf_fifo_packet_free
                0x0000000000006a24       0xac ../../../../../../../../components/proprietary_rf/gzll/gcc/gzll_nrf52840_sd_resources_gcc.a(nrf_fifo.c.o)
                0x0000000000006a24                nrf_fifo_packet_free
 .text.nrf_fifo_packet_put
                0x0000000000006ad0       0xcc ../../../../../../../../components/proprietary_rf/gzll/gcc/gzll_nrf52840_sd_resources_gcc.a(nrf_fifo.c.o)
                0x0000000000006ad0                nrf_fifo_packet_put
 .text.nrf_fifo_packet_pop
                0x0000000000006b9c       0x54 ../../../../../../../../components/proprietary_rf/gzll/gcc/gzll_nrf52840_sd_resources_gcc.a(nrf_fifo.c.o)
                0x0000000000006b9c                nrf_fifo_packet_pop
 .text.nrf_fifo_packet_read
                0x0000000000006bf0       0x38 ../../../../../../../../components/proprietary_rf/gzll/gcc/gzll_nrf52840_sd_resources_gcc.a(nrf_fifo.c.o)
                0x0000000000006bf0                nrf_fifo_packet_read
 .text.nrf_fifo_packet_num_get
                0x0000000000006c28       0x20 ../../../../../../../../components/proprietary_rf/gzll/gcc/gzll_nrf52840_sd_resources_gcc.a(nrf_fifo.c.o)
                0x0000000000006c28                nrf_fifo_packet_num_get
 .text.nrf_fifo_free_packet_num_get
                0x0000000000006c48        0xc ../../../../../../../../components/proprietary_rf/gzll/gcc/gzll_nrf52840_sd_resources_gcc.a(nrf_fifo.c.o)
                0x0000000000006c48                nrf_fifo_free_packet_num_get
 .text.nrf_flw_init
                0x0000000000006c54       0x70 ../../../../../../../../components/proprietary_rf/gzll/gcc/gzll_nrf52840_sd_resources_gcc.a(nrf_flywheel.c.o)
                0x0000000000006c54                nrf_flw_init
 .text.nrf_flw_start
                0x0000000000006cc4       0x18 ../../../../../../../../components/proprietary_rf/gzll/gcc/gzll_nrf52840_sd_resources_gcc.a(nrf_flywheel.c.o)
                0x0000000000006cc4                nrf_flw_start
 .text.nrf_flw_stop
                0x0000000000006cdc       0x44 ../../../../../../../../components/proprietary_rf/gzll/gcc/gzll_nrf52840_sd_resources_gcc.a(nrf_flywheel.c.o)
                0x0000000000006cdc                nrf_flw_stop
 .text.nrf_flw_runstate_get
                0x0000000000006d20        0xc ../../../../../../../../components/proprietary_rf/gzll/gcc/gzll_nrf52840_sd_resources_gcc.a(nrf_flywheel.c.o)
                0x0000000000006d20                nrf_flw_runstate_get
 .text.nrf_flw_task_is_delayed
                0x0000000000006d2c        0xc ../../../../../../../../components/proprietary_rf/gzll/gcc/gzll_nrf52840_sd_resources_gcc.a(nrf_flywheel.c.o)
                0x0000000000006d2c                nrf_flw_task_is_delayed
 .text.nrf_flw_call_prepare
                0x0000000000006d38      0x13c ../../../../../../../../components/proprietary_rf/gzll/gcc/gzll_nrf52840_sd_resources_gcc.a(nrf_flywheel.c.o)
                0x0000000000006d38                nrf_flw_call_prepare
 .text.nrf_flw_capture_task_get
                0x0000000000006e74        0x8 ../../../../../../../../components/proprietary_rf/gzll/gcc/gzll_nrf52840_sd_resources_gcc.a(nrf_flywheel.c.o)
                0x0000000000006e74                nrf_flw_capture_task_get
 .text.nrf_flw_call_event_get
                0x0000000000006e7c        0x8 ../../../../../../../../components/proprietary_rf/gzll/gcc/gzll_nrf52840_sd_resources_gcc.a(nrf_flywheel.c.o)
                0x0000000000006e7c                nrf_flw_call_event_get
 .text.TIMER0_IRQHandler
                0x0000000000006e84       0x70 ../../../../../../../../components/proprietary_rf/gzll/gcc/gzll_nrf52840_sd_resources_gcc.a(nrf_flywheel.c.o)
                0x0000000000006e84                TIMER0_IRQHandler
 .text.libc.__int64_udivmod
                0x0000000000006ef4       0xce C:/Program Files/SEGGER/SEGGER Embedded Studio for ARM 4.10/lib/libc_v7em_fpv4_sp_d16_hard_t_le_eabi.a(libc_asm.o)
                0x0000000000006ef4                __aeabi_uldivmod
                0x0000000000006ef4                __int64_udiv
                0x0000000000006ef4                __udivdi3
                0x0000000000006ef4                __int64_udivmod
 *fill*         0x0000000000006fc2        0x2 
 .text.libc.__RAL_ascii_isctype
                0x0000000000006fc4       0x1c C:/Program Files/SEGGER/SEGGER Embedded Studio for ARM 4.10/lib/libc_v7em_fpv4_sp_d16_hard_t_le_eabi.a(libc2.o)
 .text.libc.__RAL_ascii_toupper
                0x0000000000006fe0        0xc C:/Program Files/SEGGER/SEGGER Embedded Studio for ARM 4.10/lib/libc_v7em_fpv4_sp_d16_hard_t_le_eabi.a(libc2.o)
 .text.libc.__RAL_ascii_tolower
                0x0000000000006fec        0xc C:/Program Files/SEGGER/SEGGER Embedded Studio for ARM 4.10/lib/libc_v7em_fpv4_sp_d16_hard_t_le_eabi.a(libc2.o)
 .text.libc.__RAL_ascii_iswctype
                0x0000000000006ff8       0x1c C:/Program Files/SEGGER/SEGGER Embedded Studio for ARM 4.10/lib/libc_v7em_fpv4_sp_d16_hard_t_le_eabi.a(libc2.o)
 .text.libc.__RAL_ascii_towupper
                0x0000000000007014        0xc C:/Program Files/SEGGER/SEGGER Embedded Studio for ARM 4.10/lib/libc_v7em_fpv4_sp_d16_hard_t_le_eabi.a(libc2.o)
 .text.libc.__RAL_ascii_towlower
                0x0000000000007020        0xc C:/Program Files/SEGGER/SEGGER Embedded Studio for ARM 4.10/lib/libc_v7em_fpv4_sp_d16_hard_t_le_eabi.a(libc2.o)
 .text.libc.__RAL_ascii_wctomb
                0x000000000000702c        0xe C:/Program Files/SEGGER/SEGGER Embedded Studio for ARM 4.10/lib/libc_v7em_fpv4_sp_d16_hard_t_le_eabi.a(libc2.o)
                0x000000000000702c                __RAL_ascii_wctomb
 .text.libc.__RAL_ascii_mbtowc
                0x000000000000703a       0x24 C:/Program Files/SEGGER/SEGGER Embedded Studio for ARM 4.10/lib/libc_v7em_fpv4_sp_d16_hard_t_le_eabi.a(libc2.o)
                0x000000000000703a                __RAL_ascii_mbtowc
 *fill*         0x000000000000705e        0x2 
 .text.libc.__RAL_isctype
                0x0000000000007060       0x14 C:/Program Files/SEGGER/SEGGER Embedded Studio for ARM 4.10/lib/libc_v7em_fpv4_sp_d16_hard_t_le_eabi.a(libc2.o)
                0x0000000000007060                __RAL_isctype
 .text.libc.isprint
                0x0000000000007074        0xa C:/Program Files/SEGGER/SEGGER Embedded Studio for ARM 4.10/lib/libc_v7em_fpv4_sp_d16_hard_t_le_eabi.a(libc2.o)
                0x0000000000007074                isprint
 .text.libc.memcpy
                0x000000000000707e       0x52 C:/Program Files/SEGGER/SEGGER Embedded Studio for ARM 4.10/lib/libc_v7em_fpv4_sp_d16_hard_t_le_eabi.a(libc2_asm.o)
                0x000000000000707e                __aeabi_memcpy
                0x000000000000707e                memcpy
                0x000000000000708a                __aeabi_memcpy8
                0x000000000000708a                __aeabi_memcpy4
 .text.libc.memset
                0x00000000000070d0       0x66 C:/Program Files/SEGGER/SEGGER Embedded Studio for ARM 4.10/lib/libc_v7em_fpv4_sp_d16_hard_t_le_eabi.a(libc2_asm.o)
                0x00000000000070d0                memset
 .text.libc.strlen
                0x0000000000007136       0x60 C:/Program Files/SEGGER/SEGGER Embedded Studio for ARM 4.10/lib/libc_v7em_fpv4_sp_d16_hard_t_le_eabi.a(libc2_asm.o)
                0x0000000000007136                strlen
                0x0000000000007196                __text_end__ = (__text_start__ + SIZEOF (.text))
                0x0000000000006dbe                __text_size__ = SIZEOF (.text)
                0x0000000000007196                __text_load_end__ = __text_end__

.vfp11_veneer   0x0000000100000000        0x0
 .vfp11_veneer  0x0000000100000000        0x0 linker stubs

.v4_bx          0x0000000100000000        0x0
 .v4_bx         0x0000000100000000        0x0 linker stubs

.iplt           0x0000000100000000        0x0
 .iplt          0x0000000100000000        0x0 Output/gzll_ack_payload_host_pca10056 Release/Obj/thumb_crt0.o
                0x0000000000000001                . = ASSERT (((__text_start__ == __text_end__) || ((__text_end__ >= __FLASH_segment_start__) && (__text_end__ <= __FLASH_segment_end__))), error: .text is too large to fit in FLASH memory segment)
                0x0000000000007198                __log_const_data_load_start__ = ALIGN (__text_end__, 0x4)

.log_const_data
                0x0000000000007198       0x28
                0x0000000000007198                __log_const_data_start__ = .
                0x0000000000007198                __start_log_const_data = __log_const_data_start__
 *(SORT_BY_NAME(.log_const_data*))
 .log_const_data_GPIOTE
                0x0000000000007198        0x8 Output/gzll_ack_payload_host_pca10056 Release/Obj/nrfx_gpiote.o
                0x0000000000007198                m_nrf_log_GPIOTE_logs_data_const
 .log_const_data_PRS
                0x00000000000071a0        0x8 Output/gzll_ack_payload_host_pca10056 Release/Obj/nrfx_prs.o
                0x00000000000071a0                m_nrf_log_PRS_logs_data_const
 .log_const_data_UART
                0x00000000000071a8        0x8 Output/gzll_ack_payload_host_pca10056 Release/Obj/nrfx_uart.o
                0x00000000000071a8                m_nrf_log_UART_logs_data_const
 .log_const_data_UARTE
                0x00000000000071b0        0x8 Output/gzll_ack_payload_host_pca10056 Release/Obj/nrfx_uarte.o
                0x00000000000071b0                m_nrf_log_UARTE_logs_data_const
 .log_const_data_app
                0x00000000000071b8        0x8 Output/gzll_ack_payload_host_pca10056 Release/Obj/nrf_log_frontend.o
                0x00000000000071b8                m_nrf_log_app_logs_data_const
                0x00000000000071c0                __log_const_data_end__ = (__log_const_data_start__ + SIZEOF (.log_const_data))
                0x0000000000000028                __log_const_data_size__ = SIZEOF (.log_const_data)
                0x00000000000071c0                __stop_log_const_data = __log_const_data_end__
                0x00000000000071c0                __log_const_data_load_end__ = __log_const_data_end__
                0x0000000000000001                . = ASSERT (((__log_const_data_start__ == __log_const_data_end__) || ((__log_const_data_end__ >= __FLASH_segment_start__) && (__log_const_data_end__ <= __FLASH_segment_end__))), error: .log_const_data is too large to fit in FLASH memory segment)
                0x00000000000071c0                __log_backends_load_start__ = ALIGN (__log_const_data_end__, 0x4)

.log_backends   0x00000000000071c0       0x10
                0x00000000000071c0                __log_backends_start__ = .
                0x00000000000071c0                __start_log_backends = __log_backends_start__
 *(SORT_BY_NAME(.log_backends*))
 .log_backends  0x00000000000071c0       0x10 Output/gzll_ack_payload_host_pca10056 Release/Obj/nrf_log_default_backends.o
                0x00000000000071d0                __log_backends_end__ = (__log_backends_start__ + SIZEOF (.log_backends))
                0x0000000000000010                __log_backends_size__ = SIZEOF (.log_backends)
                0x00000000000071d0                __stop_log_backends = __log_backends_end__
                0x00000000000071d0                __log_backends_load_end__ = __log_backends_end__
                0x0000000000000001                . = ASSERT (((__log_backends_start__ == __log_backends_end__) || ((__log_backends_end__ >= __FLASH_segment_start__) && (__log_backends_end__ <= __FLASH_segment_end__))), error: .log_backends is too large to fit in FLASH memory segment)
                0x00000000000071d0                __nrf_balloc_load_start__ = ALIGN (__log_backends_end__, 0x4)

.nrf_balloc     0x00000000000071d0       0x14
                0x00000000000071d0                __nrf_balloc_start__ = .
                0x00000000000071d0                __start_nrf_balloc = __nrf_balloc_start__
 *(.nrf_balloc*)
 .nrf_balloc    0x00000000000071d0       0x14 Output/gzll_ack_payload_host_pca10056 Release/Obj/nrf_log_frontend.o
                0x00000000000071d0                log_mempool
                0x00000000000071e4                __nrf_balloc_end__ = (__nrf_balloc_start__ + SIZEOF (.nrf_balloc))
                0x0000000000000014                __nrf_balloc_size__ = SIZEOF (.nrf_balloc)
                0x00000000000071e4                __stop_nrf_balloc = __nrf_balloc_end__
                0x00000000000071e4                __nrf_balloc_load_end__ = __nrf_balloc_end__
                0x0000000000000001                . = ASSERT (((__nrf_balloc_start__ == __nrf_balloc_end__) || ((__nrf_balloc_end__ >= __FLASH_segment_start__) && (__nrf_balloc_end__ <= __FLASH_segment_end__))), error: .nrf_balloc is too large to fit in FLASH memory segment)
                0x00000000000071e4                __nrf_sections_load_start__ = ALIGN (__nrf_balloc_end__, 0x4)

.nrf_sections   0x00000000000071e4        0x0
                0x00000000000071e4                __nrf_sections_start__ = .
                0x00000000000071e4                __start_nrf_sections = __nrf_sections_start__
 *(.nrf_sections .nrf_sections.*)
                0x00000000000071e4                __nrf_sections_end__ = (__nrf_sections_start__ + SIZEOF (.nrf_sections))
                0x0000000000000000                __nrf_sections_size__ = SIZEOF (.nrf_sections)
                0x00000000000071e4                __nrf_sections_load_end__ = __nrf_sections_end__
                0x0000000000000001                . = ASSERT (((__nrf_sections_start__ == __nrf_sections_end__) || ((__nrf_sections_end__ >= __FLASH_segment_start__) && (__nrf_sections_end__ <= __FLASH_segment_end__))), error: .nrf_sections is too large to fit in FLASH memory segment)
                0x00000000000071e4                __log_dynamic_data_load_start__ = ALIGN (__nrf_sections_end__, 0x4)

.log_dynamic_data
                0x0000000020000000        0x0 load address 0x00000000000071e4
                0x0000000020000000                __log_dynamic_data_start__ = .
 *(SORT_BY_NAME(.log_dynamic_data*))
                0x0000000020000000                __log_dynamic_data_end__ = (__log_dynamic_data_start__ + SIZEOF (.log_dynamic_data))
                0x0000000000000000                __log_dynamic_data_size__ = SIZEOF (.log_dynamic_data)
                0x00000000000071e4                __log_dynamic_data_load_end__ = (__log_dynamic_data_load_start__ + SIZEOF (.log_dynamic_data))
                0x0000000000000001                . = ASSERT (((__log_dynamic_data_load_start__ == __log_dynamic_data_load_end__) || ((__log_dynamic_data_load_end__ >= __FLASH_segment_start__) && (__log_dynamic_data_load_end__ <= __FLASH_segment_end__))), error: .log_dynamic_data is too large to fit in FLASH memory segment)

.log_dynamic_data_run
                0x0000000020000000        0x0
                0x0000000020000000                __log_dynamic_data_run_start__ = .
                0x0000000020000000                __start_log_dynamic_data = __log_dynamic_data_run_start__
                0x0000000020000000                . = MAX ((__log_dynamic_data_run_start__ + SIZEOF (.log_dynamic_data)), .)
                0x0000000020000000                __log_dynamic_data_run_end__ = (__log_dynamic_data_run_start__ + SIZEOF (.log_dynamic_data_run))
                0x0000000000000000                __log_dynamic_data_run_size__ = SIZEOF (.log_dynamic_data_run)
                0x0000000020000000                __stop_log_dynamic_data = __log_dynamic_data_run_end__
                0x0000000020000000                __log_dynamic_data_run_load_end__ = __log_dynamic_data_run_end__
                0x0000000000000001                . = ASSERT (((__log_dynamic_data_run_start__ == __log_dynamic_data_run_end__) || ((__log_dynamic_data_run_end__ >= __RAM_segment_start__) && (__log_dynamic_data_run_end__ <= __RAM_segment_end__))), error: .log_dynamic_data_run is too large to fit in RAM memory segment)
                0x00000000000071e4                __log_filter_data_load_start__ = ALIGN ((__log_dynamic_data_load_start__ + SIZEOF (.log_dynamic_data)), 0x4)

.log_filter_data
                0x0000000020000000        0x0 load address 0x00000000000071e4
                0x0000000020000000                __log_filter_data_start__ = .
 *(SORT_BY_NAME(.log_filter_data*))
                0x0000000020000000                __log_filter_data_end__ = (__log_filter_data_start__ + SIZEOF (.log_filter_data))
                0x0000000000000000                __log_filter_data_size__ = SIZEOF (.log_filter_data)
                0x00000000000071e4                __log_filter_data_load_end__ = (__log_filter_data_load_start__ + SIZEOF (.log_filter_data))
                0x0000000000000001                . = ASSERT (((__log_filter_data_load_start__ == __log_filter_data_load_end__) || ((__log_filter_data_load_end__ >= __FLASH_segment_start__) && (__log_filter_data_load_end__ <= __FLASH_segment_end__))), error: .log_filter_data is too large to fit in FLASH memory segment)

.log_filter_data_run
                0x0000000020000000        0x0
                0x0000000020000000                __log_filter_data_run_start__ = .
                0x0000000020000000                __start_log_filter_data = __log_filter_data_run_start__
                0x0000000020000000                . = MAX ((__log_filter_data_run_start__ + SIZEOF (.log_filter_data)), .)
                0x0000000020000000                __log_filter_data_run_end__ = (__log_filter_data_run_start__ + SIZEOF (.log_filter_data_run))
                0x0000000000000000                __log_filter_data_run_size__ = SIZEOF (.log_filter_data_run)
                0x0000000020000000                __stop_log_filter_data = __log_filter_data_run_end__
                0x0000000020000000                __log_filter_data_run_load_end__ = __log_filter_data_run_end__
                0x0000000000000001                . = ASSERT (((__log_filter_data_run_start__ == __log_filter_data_run_end__) || ((__log_filter_data_run_end__ >= __RAM_segment_start__) && (__log_filter_data_run_end__ <= __RAM_segment_end__))), error: .log_filter_data_run is too large to fit in RAM memory segment)
                0x0000000020000000                __nrf_sections_run_end_load_start__ = ALIGN (__log_filter_data_run_end__, 0x4)

.nrf_sections_run_end
                0x0000000020000000        0x0
                0x0000000020000000                __nrf_sections_run_end_start__ = .
                0x0000000020000000                __end_nrf_sections_run = __nrf_sections_run_end_start__
 *(.nrf_sections_run_end .nrf_sections_run_end.*)
                0x0000000020000000                __nrf_sections_run_end_end__ = (__nrf_sections_run_end_start__ + SIZEOF (.nrf_sections_run_end))
                0x0000000000000000                __nrf_sections_run_end_size__ = SIZEOF (.nrf_sections_run_end)
                0x0000000020000000                __nrf_sections_run_end_load_end__ = __nrf_sections_run_end_end__
                0x0000000000000001                . = ASSERT (((__nrf_sections_run_end_start__ == __nrf_sections_run_end_end__) || ((__nrf_sections_run_end_end__ >= __RAM_segment_start__) && (__nrf_sections_run_end_end__ <= __RAM_segment_end__))), error: .nrf_sections_run_end is too large to fit in RAM memory segment)
                0x00000000000071e4                __dtors_load_start__ = ALIGN ((__log_filter_data_load_start__ + SIZEOF (.log_filter_data)), 0x4)

.dtors          0x00000000000071e4        0x0
                0x00000000000071e4                __dtors_start__ = .
 *(SORT_BY_NAME(.dtors.*))
 *(.dtors)
 *(.fini_array)
 *(SORT_BY_NAME(.fini_array.*))
                0x00000000000071e4                __dtors_end__ = (__dtors_start__ + SIZEOF (.dtors))
                0x0000000000000000                __dtors_size__ = SIZEOF (.dtors)
                0x00000000000071e4                __dtors_load_end__ = __dtors_end__
                0x0000000000000001                . = ASSERT (((__dtors_start__ == __dtors_end__) || ((__dtors_end__ >= __FLASH_segment_start__) && (__dtors_end__ <= __FLASH_segment_end__))), error: .dtors is too large to fit in FLASH memory segment)
                0x00000000000071e4                __ctors_load_start__ = ALIGN (__dtors_end__, 0x4)

.ctors          0x00000000000071e4        0x0
                0x00000000000071e4                __ctors_start__ = .
 *(SORT_BY_NAME(.ctors.*))
 *(.ctors)
 *(.init_array)
 *(SORT_BY_NAME(.init_array.*))
                0x00000000000071e4                __ctors_end__ = (__ctors_start__ + SIZEOF (.ctors))
                0x0000000000000000                __ctors_size__ = SIZEOF (.ctors)
                0x00000000000071e4                __ctors_load_end__ = __ctors_end__
                0x0000000000000001                . = ASSERT (((__ctors_start__ == __ctors_end__) || ((__ctors_end__ >= __FLASH_segment_start__) && (__ctors_end__ <= __FLASH_segment_end__))), error: .ctors is too large to fit in FLASH memory segment)
                0x00000000000071e4                __rodata_load_start__ = ALIGN (__ctors_end__, 0x4)

.rodata         0x00000000000071e4      0x4f0
                0x00000000000071e4                __rodata_start__ = .
 *(.rodata .rodata.* .gnu.linkonce.r.*)
 .rodata        0x00000000000071e4       0x20 Output/gzll_ack_payload_host_pca10056 Release/Obj/nrf_log_backend_uart.o
 .rodata.nrf_log_backend_uart_api
                0x0000000000007204        0xc Output/gzll_ack_payload_host_pca10056 Release/Obj/nrf_log_backend_uart.o
                0x0000000000007204                nrf_log_backend_uart_api
 .rodata.str1.1
                0x0000000000007210       0x11 Output/gzll_ack_payload_host_pca10056 Release/Obj/nrf_log_default_backends.o
 *fill*         0x0000000000007221        0x3 
 .rodata.m_log_push_ringbuf
                0x0000000000007224        0xc Output/gzll_ack_payload_host_pca10056 Release/Obj/nrf_log_frontend.o
 .rodata.nrf_log_frontend_dequeue.str1.1
                0x0000000000007230       0x11 Output/gzll_ack_payload_host_pca10056 Release/Obj/nrf_log_frontend.o
 .rodata.str1.1
                0x0000000000007241        0x4 Output/gzll_ack_payload_host_pca10056 Release/Obj/nrf_log_frontend.o
 *fill*         0x0000000000007245        0x3 
 .rodata.m_colors
                0x0000000000007248       0x24 Output/gzll_ack_payload_host_pca10056 Release/Obj/nrf_log_str_formatter.o
 .rodata.nrf_log_hexdump_entry_process.str1.1
                0x000000000000726c        0xf Output/gzll_ack_payload_host_pca10056 Release/Obj/nrf_log_str_formatter.o
                                         0x11 (size before relaxing)
 .rodata.postfix_process.str1.1
                0x000000000000727b        0x8 Output/gzll_ack_payload_host_pca10056 Release/Obj/nrf_log_str_formatter.o
                                          0xb (size before relaxing)
 .rodata.prefix_process.str1.1
                0x0000000000007283       0x2a Output/gzll_ack_payload_host_pca10056 Release/Obj/nrf_log_str_formatter.o
 *fill*         0x00000000000072ad        0x3 
 .rodata.severity_names
                0x00000000000072b0       0x14 Output/gzll_ack_payload_host_pca10056 Release/Obj/nrf_log_str_formatter.o
 .rodata.str1.1
                0x00000000000072c4       0x4b Output/gzll_ack_payload_host_pca10056 Release/Obj/nrf_log_str_formatter.o
                                         0x51 (size before relaxing)
 .rodata.m_board_led_list
                0x000000000000730f        0x4 Output/gzll_ack_payload_host_pca10056 Release/Obj/boards.o
 *fill*         0x0000000000007313        0x1 
 .rodata.m_detection_delay_timer_id
                0x0000000000007314        0x4 Output/gzll_ack_payload_host_pca10056 Release/Obj/app_button.o
 .rodata.app_error_fault_handler.str1.1
                0x0000000000007318       0x19 Output/gzll_ack_payload_host_pca10056 Release/Obj/app_error_weak.o
 *fill*         0x0000000000007331        0xf 
 .rodata.delay_bytecode.8083
                0x0000000000007340        0x6 Output/gzll_ack_payload_host_pca10056 Release/Obj/app_timer.o
 .rodata._aV2C.7683
                0x0000000000007346       0x10 Output/gzll_ack_payload_host_pca10056 Release/Obj/nrf_fprintf_format.o
 .rodata.str1.1
                0x0000000000007356        0x7 Output/gzll_ack_payload_host_pca10056 Release/Obj/nrfx_gpiote.o
 .rodata.str1.1
                0x000000000000735d        0x4 Output/gzll_ack_payload_host_pca10056 Release/Obj/nrfx_prs.o
 .rodata.str1.1
                0x0000000000007361        0x5 Output/gzll_ack_payload_host_pca10056 Release/Obj/nrfx_uart.o
 .rodata.str1.1
                0x0000000000007366        0x6 Output/gzll_ack_payload_host_pca10056 Release/Obj/nrfx_uarte.o
 .rodata.app_buttons
                0x000000000000736c        0x8 Output/gzll_ack_payload_host_pca10056 Release/Obj/bsp.o
 .rodata.m_bsp_alert_tmr
                0x0000000000007374        0x4 Output/gzll_ack_payload_host_pca10056 Release/Obj/bsp.o
 .rodata.m_bsp_button_tmr
                0x0000000000007378        0x4 Output/gzll_ack_payload_host_pca10056 Release/Obj/bsp.o
 .rodata.m_bsp_leds_tmr
                0x000000000000737c        0x4 Output/gzll_ack_payload_host_pca10056 Release/Obj/bsp.o
 .rodata.main.str1.1
                0x0000000000007380       0xc3 Output/gzll_ack_payload_host_pca10056 Release/Obj/main.o
                                         0xc6 (size before relaxing)
 .rodata.nrf_gzll_host_rx_data_ready.str1.1
                0x0000000000007443       0x1e Output/gzll_ack_payload_host_pca10056 Release/Obj/main.o
 *fill*         0x0000000000007461        0x3 
 .rodata.m_lcore_operation_params
                0x0000000000007464       0x30 ../../../../../../../../components/proprietary_rf/gzll/gcc/gzll_nrf52840_sd_resources_gcc.a(nrf_link_core.c.o)
 .rodata.libc.__RAL_ascii_ctype_map
                0x0000000000007494       0x80 C:/Program Files/SEGGER/SEGGER Embedded Studio for ARM 4.10/lib/libc_v7em_fpv4_sp_d16_hard_t_le_eabi.a(libc2.o)
                0x0000000000007494                __RAL_ascii_ctype_map
 .rodata.libc.__RAL_ascii_ctype_mask
                0x0000000000007514        0xd C:/Program Files/SEGGER/SEGGER Embedded Studio for ARM 4.10/lib/libc_v7em_fpv4_sp_d16_hard_t_le_eabi.a(libc2.o)
 *fill*         0x0000000000007521        0x3 
 .rodata.libc.__RAL_c_locale
                0x0000000000007524        0xc C:/Program Files/SEGGER/SEGGER Embedded Studio for ARM 4.10/lib/libc_v7em_fpv4_sp_d16_hard_t_le_eabi.a(libc2.o)
                0x0000000000007524                __RAL_c_locale
 .rodata.libc.__RAL_c_locale_abbrev_day_names
                0x0000000000007530       0x1d C:/Program Files/SEGGER/SEGGER Embedded Studio for ARM 4.10/lib/libc_v7em_fpv4_sp_d16_hard_t_le_eabi.a(libc2.o)
                0x0000000000007530                __RAL_c_locale_abbrev_day_names
 *fill*         0x000000000000754d        0x3 
 .rodata.libc.__RAL_c_locale_abbrev_month_names
                0x0000000000007550       0x31 C:/Program Files/SEGGER/SEGGER Embedded Studio for ARM 4.10/lib/libc_v7em_fpv4_sp_d16_hard_t_le_eabi.a(libc2.o)
                0x0000000000007550                __RAL_c_locale_abbrev_month_names
 *fill*         0x0000000000007581        0x3 
 .rodata.libc.__RAL_c_locale_am_pm_indicator
                0x0000000000007584        0x7 C:/Program Files/SEGGER/SEGGER Embedded Studio for ARM 4.10/lib/libc_v7em_fpv4_sp_d16_hard_t_le_eabi.a(libc2.o)
                0x0000000000007584                __RAL_c_locale_am_pm_indicator
 *fill*         0x000000000000758b        0x1 
 .rodata.libc.__RAL_c_locale_data
                0x000000000000758c       0x58 C:/Program Files/SEGGER/SEGGER Embedded Studio for ARM 4.10/lib/libc_v7em_fpv4_sp_d16_hard_t_le_eabi.a(libc2.o)
                0x000000000000758c                __RAL_c_locale_data
 .rodata.libc.__RAL_c_locale_date_format
                0x00000000000075e4        0x9 C:/Program Files/SEGGER/SEGGER Embedded Studio for ARM 4.10/lib/libc_v7em_fpv4_sp_d16_hard_t_le_eabi.a(libc2.o)
                0x00000000000075e4                __RAL_c_locale_date_format
 *fill*         0x00000000000075ed        0x3 
 .rodata.libc.__RAL_c_locale_date_time_format
                0x00000000000075f0        0xf C:/Program Files/SEGGER/SEGGER Embedded Studio for ARM 4.10/lib/libc_v7em_fpv4_sp_d16_hard_t_le_eabi.a(libc2.o)
                0x00000000000075f0                __RAL_c_locale_date_time_format
 *fill*         0x00000000000075ff        0x1 
 .rodata.libc.__RAL_c_locale_day_names
                0x0000000000007600       0x3a C:/Program Files/SEGGER/SEGGER Embedded Studio for ARM 4.10/lib/libc_v7em_fpv4_sp_d16_hard_t_le_eabi.a(libc2.o)
                0x0000000000007600                __RAL_c_locale_day_names
 *fill*         0x000000000000763a        0x2 
 .rodata.libc.__RAL_c_locale_month_names
                0x000000000000763c       0x57 C:/Program Files/SEGGER/SEGGER Embedded Studio for ARM 4.10/lib/libc_v7em_fpv4_sp_d16_hard_t_le_eabi.a(libc2.o)
                0x000000000000763c                __RAL_c_locale_month_names
 *fill*         0x0000000000007693        0x1 
 .rodata.libc.__RAL_c_locale_time_format
                0x0000000000007694        0x9 C:/Program Files/SEGGER/SEGGER Embedded Studio for ARM 4.10/lib/libc_v7em_fpv4_sp_d16_hard_t_le_eabi.a(libc2.o)
                0x0000000000007694                __RAL_c_locale_time_format
 *fill*         0x000000000000769d        0x3 
 .rodata.libc.__RAL_codeset_ascii
                0x00000000000076a0       0x20 C:/Program Files/SEGGER/SEGGER Embedded Studio for ARM 4.10/lib/libc_v7em_fpv4_sp_d16_hard_t_le_eabi.a(libc2.o)
                0x00000000000076a0                __RAL_codeset_ascii
 .rodata.libc.__RAL_data_empty_string
                0x00000000000076c0        0x1 C:/Program Files/SEGGER/SEGGER Embedded Studio for ARM 4.10/lib/libc_v7em_fpv4_sp_d16_hard_t_le_eabi.a(libc2.o)
                0x00000000000076c0                __RAL_data_empty_string
 *fill*         0x00000000000076c1        0x3 
 .rodata.libc.__RAL_data_utf8_period
                0x00000000000076c4        0x2 C:/Program Files/SEGGER/SEGGER Embedded Studio for ARM 4.10/lib/libc_v7em_fpv4_sp_d16_hard_t_le_eabi.a(libc2.o)
                0x00000000000076c4                __RAL_data_utf8_period
 *fill*         0x00000000000076c6        0x2 
 .rodata.libc.__RAL_find_locale.str1.4
                0x00000000000076c8        0xc C:/Program Files/SEGGER/SEGGER Embedded Studio for ARM 4.10/lib/libc_v7em_fpv4_sp_d16_hard_t_le_eabi.a(libc2.o)
                                          0xa (size before relaxing)
                0x00000000000076d4                __rodata_end__ = (__rodata_start__ + SIZEOF (.rodata))
                0x00000000000004f0                __rodata_size__ = SIZEOF (.rodata)
                0x00000000000076d4                __rodata_load_end__ = __rodata_end__

.rel.dyn        0x00000000000076d4        0x0
 .rel.iplt      0x00000000000076d4        0x0 Output/gzll_ack_payload_host_pca10056 Release/Obj/thumb_crt0.o
                0x0000000000000001                . = ASSERT (((__rodata_start__ == __rodata_end__) || ((__rodata_end__ >= __FLASH_segment_start__) && (__rodata_end__ <= __FLASH_segment_end__))), error: .rodata is too large to fit in FLASH memory segment)
                0x00000000000076d4                __ARM.exidx_load_start__ = ALIGN (__rodata_end__, 0x4)

.ARM.exidx      0x00000000000076d4        0x0
                0x00000000000076d4                __ARM.exidx_start__ = .
                0x00000000000076d4                __exidx_start = __ARM.exidx_start__
 *(.ARM.exidx .ARM.exidx.*)
                0x00000000000076d4                __ARM.exidx_end__ = (__ARM.exidx_start__ + SIZEOF (.ARM.exidx))
                0x0000000000000000                __ARM.exidx_size__ = SIZEOF (.ARM.exidx)
                0x00000000000076d4                __exidx_end = __ARM.exidx_end__
                0x00000000000076d4                __ARM.exidx_load_end__ = __ARM.exidx_end__
                0x0000000000000001                . = ASSERT (((__ARM.exidx_start__ == __ARM.exidx_end__) || ((__ARM.exidx_end__ >= __FLASH_segment_start__) && (__ARM.exidx_end__ <= __FLASH_segment_end__))), error: .ARM.exidx is too large to fit in FLASH memory segment)
                0x00000000000076d4                __fast_load_start__ = ALIGN (__ARM.exidx_end__, 0x4)

.fast           0x0000000020000000        0x0 load address 0x00000000000076d4
                0x0000000020000000                __fast_start__ = .
 *(.fast .fast.*)
                0x0000000020000000                __fast_end__ = (__fast_start__ + SIZEOF (.fast))
                0x0000000000000000                __fast_size__ = SIZEOF (.fast)
                0x00000000000076d4                __fast_load_end__ = (__fast_load_start__ + SIZEOF (.fast))
                0x0000000000000001                . = ASSERT (((__fast_load_start__ == __fast_load_end__) || ((__fast_load_end__ >= __FLASH_segment_start__) && (__fast_load_end__ <= __FLASH_segment_end__))), error: .fast is too large to fit in FLASH memory segment)

.fast_run       0x0000000020000000        0x0
                0x0000000020000000                __fast_run_start__ = .
                0x0000000020000000                . = MAX ((__fast_run_start__ + SIZEOF (.fast)), .)
                0x0000000020000000                __fast_run_end__ = (__fast_run_start__ + SIZEOF (.fast_run))
                0x0000000000000000                __fast_run_size__ = SIZEOF (.fast_run)
                0x0000000020000000                __fast_run_load_end__ = __fast_run_end__
                0x0000000000000001                . = ASSERT (((__fast_run_start__ == __fast_run_end__) || ((__fast_run_end__ >= __RAM_segment_start__) && (__fast_run_end__ <= __RAM_segment_end__))), error: .fast_run is too large to fit in RAM memory segment)
                0x00000000000076d4                __data_load_start__ = ALIGN ((__fast_load_start__ + SIZEOF (.fast)), 0x4)

.data           0x0000000020000000       0x50 load address 0x00000000000076d4
                0x0000000020000000                __data_start__ = .
 *(.data .data.* .gnu.linkonce.d.*)
 .data.m_uart   0x0000000020000000       0x14 Output/gzll_ack_payload_host_pca10056 Release/Obj/nrf_log_backend_uart.o
                0x0000000020000000                m_uart
 .data.log_backend_cb_uart_log_backend
                0x0000000020000014        0x8 Output/gzll_ack_payload_host_pca10056 Release/Obj/nrf_log_default_backends.o
 .data.SystemCoreClock
                0x000000002000001c        0x4 Output/gzll_ack_payload_host_pca10056 Release/Obj/system_nrf52840.o
                0x000000002000001c                SystemCoreClock
 .data.m_channel_table
                0x0000000020000020       0x10 ../../../../../../../../components/proprietary_rf/gzll/gcc/gzll_nrf52840_sd_resources_gcc.a(nrf_gzll.c.o)
 .data.m_channel_table_size
                0x0000000020000030        0x4 ../../../../../../../../components/proprietary_rf/gzll/gcc/gzll_nrf52840_sd_resources_gcc.a(nrf_gzll.c.o)
 .data.m_state_functions
                0x0000000020000034        0x8 ../../../../../../../../components/proprietary_rf/gzll/gcc/gzll_nrf52840_sd_resources_gcc.a(nrf_state_machine.c.o)
                0x0000000020000034                m_state_functions
 .data.libc.__RAL_global_locale
                0x000000002000003c       0x14 C:/Program Files/SEGGER/SEGGER Embedded Studio for ARM 4.10/lib/libc_v7em_fpv4_sp_d16_hard_t_le_eabi.a(libc2.o)
                0x000000002000003c                __RAL_global_locale
                0x0000000020000050                __data_end__ = (__data_start__ + SIZEOF (.data))
                0x0000000000000050                __data_size__ = SIZEOF (.data)
                0x0000000000007724                __data_load_end__ = (__data_load_start__ + SIZEOF (.data))

.igot.plt       0x0000000100000000        0x0
 .igot.plt      0x0000000100000000        0x0 Output/gzll_ack_payload_host_pca10056 Release/Obj/thumb_crt0.o
                0x0000000000000001                . = ASSERT (((__data_load_start__ == __data_load_end__) || ((__data_load_end__ >= __FLASH_segment_start__) && (__data_load_end__ <= __FLASH_segment_end__))), error: .data is too large to fit in FLASH memory segment)

.data_run       0x0000000020000000       0x50 load address 0x00000000000076d4
                0x0000000020000000                __data_run_start__ = .
                0x0000000020000050                . = MAX ((__data_run_start__ + SIZEOF (.data)), .)
 *fill*         0x0000000020000000       0x50 
                0x0000000020000050                __data_run_end__ = (__data_run_start__ + SIZEOF (.data_run))
                0x0000000000000050                __data_run_size__ = SIZEOF (.data_run)
                0x0000000020000050                __data_run_load_end__ = __data_run_end__
                0x0000000000000001                . = ASSERT (((__data_run_start__ == __data_run_end__) || ((__data_run_end__ >= __RAM_segment_start__) && (__data_run_end__ <= __RAM_segment_end__))), error: .data_run is too large to fit in RAM memory segment)
                0x0000000000007724                __tdata_load_start__ = ALIGN ((__data_load_start__ + SIZEOF (.data)), 0x4)
